// BuildMethodQueryCustomNamePayload builds the payload for the
// ServiceQueryCustomName MethodQueryCustomName endpoint from CLI flags.
func BuildMethodQueryCustomNamePayload(serviceQueryCustomNameMethodQueryCustomNameQ *string) (*servicequerycustomname.MethodQueryCustomNamePayload, error) {
	var q *string
	{
		if serviceQueryCustomNameMethodQueryCustomNameQ != nil {
			q = serviceQueryCustomNameMethodQueryCustomNameQ
		}
	}
	v := &servicequerycustomname.MethodQueryCustomNamePayload{}
	v.Query = q

	return v, nil
}
