// EncodeMethodQueryUIntRequest returns an encoder for requests sent to the
// ServiceQueryUInt MethodQueryUInt server.
func EncodeMethodQueryUIntRequest(encoder func(*http.Request) goahttp.Encoder) func(*http.Request, any) error {
	return func(req *http.Request, v any) error {
		p, ok := v.(*servicequeryuint.MethodQueryUIntPayload)
		if !ok {
			return goahttp.ErrInvalidType("ServiceQueryUInt", "MethodQueryUInt", "*servicequeryuint.MethodQueryUIntPayload", v)
		}
		values := req.URL.Query()
		if p.Q != nil {
			values.Add("q", fmt.Sprintf("%v", *p.Q))
		}
		req.URL.RawQuery = values.Encode()
		return nil
	}
}
