// EncodeMethodBodyMapUserValidateRequest returns an encoder for requests sent
// to the ServiceBodyMapUserValidate MethodBodyMapUserValidate server.
func EncodeMethodBodyMapUserValidateRequest(encoder func(*http.Request) goahttp.Encoder) func(*http.Request, any) error {
	return func(req *http.Request, v any) error {
		p, ok := v.(*servicebodymapuservalidate.MethodBodyMapUserValidatePayload)
		if !ok {
			return goahttp.ErrInvalidType("ServiceBodyMapUserValidate", "MethodBodyMapUserValidate", "*servicebodymapuservalidate.MethodBodyMapUserValidatePayload", v)
		}
		body := NewMethodBodyMapUserValidateRequestBody(p)
		if err := encoder(req).Encode(&body); err != nil {
			return goahttp.ErrEncodingError("ServiceBodyMapUserValidate", "MethodBodyMapUserValidate", err)
		}
		return nil
	}
}
