// DecodeMethodHeaderStringImplicitResponse returns a decoder for responses
// returned by the ServiceHeaderStringImplicit MethodHeaderStringImplicit
// endpoint. restoreBody controls whether the response body should be restored
// after having been read.
func DecodeMethodHeaderStringImplicitResponse(decoder func(*http.Response) goahttp.Decoder, restoreBody bool) func(*http.Response) (any, error) {
	return func(resp *http.Response) (result any, decodeErr error) {
		responseBody := resp.Body
		if restoreBody {
			b, readErr := io.ReadAll(responseBody)
			closeErr := responseBody.Close()
			if err := errors.Join(readErr, closeErr); err != nil {
				return nil, goahttp.ErrDecodingError("ServiceHeaderStringImplicit", "MethodHeaderStringImplicit", err)
			}
			resp.Body = io.NopCloser(bytes.NewBuffer(b))
			defer func() {
				resp.Body = io.NopCloser(bytes.NewBuffer(b))
			}()
		} else {
			defer func() {
				if err := responseBody.Close(); err != nil {
					decodeErr = errors.Join(decodeErr, goahttp.ErrDecodingError("ServiceHeaderStringImplicit", "MethodHeaderStringImplicit", err))
				}
			}()
		}
		switch resp.StatusCode {
		case http.StatusOK:
			var (
				h   string
				err error
			)
			hRaw := resp.Header.Get("H")
			if hRaw == "" {
				err = goa.MergeErrors(err, goa.MissingFieldError("h", "header"))
			}
			h = hRaw
			if err != nil {
				return nil, goahttp.ErrValidationError("ServiceHeaderStringImplicit", "MethodHeaderStringImplicit", err)
			}
			return h, nil
		default:
			body, err := io.ReadAll(resp.Body)
			if err != nil {
				return nil, goahttp.ErrDecodingError("ServiceHeaderStringImplicit", "MethodHeaderStringImplicit", err)
			}
			return nil, goahttp.ErrInvalidResponse("ServiceHeaderStringImplicit", "MethodHeaderStringImplicit", resp.StatusCode, string(body))
		}
	}
}
