// DecodeMethodEmptyErrorResponseBodyResponse returns a decoder for responses
// returned by the ServiceEmptyErrorResponseBody MethodEmptyErrorResponseBody
// endpoint. restoreBody controls whether the response body should be restored
// after having been read.
// DecodeMethodEmptyErrorResponseBodyResponse may return the following errors:
//   - "internal_error" (type *goa.ServiceError): http.StatusInternalServerError
//   - "not_found" (type serviceemptyerrorresponsebody.NotFound): http.StatusNotFound
//   - error: internal error
func DecodeMethodEmptyErrorResponseBodyResponse(decoder func(*http.Response) goahttp.Decoder, restoreBody bool) func(*http.Response) (any, error) {
	return func(resp *http.Response) (any, error) {
		if restoreBody {
			b, err := io.ReadAll(resp.Body)
			if err != nil {
				return nil, err
			}
			resp.Body = io.NopCloser(bytes.NewBuffer(b))
			defer func() {
				resp.Body = io.NopCloser(bytes.NewBuffer(b))
			}()
		} else {
			defer resp.Body.Close()
		}
		switch resp.StatusCode {
		case http.StatusOK:
			return nil, nil
		case http.StatusInternalServerError:
			var (
				name      string
				id        string
				message   string
				temporary bool
				timeout   bool
				fault     bool
				err       error
			)
			nameRaw := resp.Header.Get("Error-Name")
			if nameRaw == "" {
				err = goa.MergeErrors(err, goa.MissingFieldError("name", "header"))
			}
			name = nameRaw
			idRaw := resp.Header.Get("Goa-Attribute-Id")
			if idRaw == "" {
				err = goa.MergeErrors(err, goa.MissingFieldError("id", "header"))
			}
			id = idRaw
			messageRaw := resp.Header.Get("Goa-Attribute-Message")
			if messageRaw == "" {
				err = goa.MergeErrors(err, goa.MissingFieldError("message", "header"))
			}
			message = messageRaw
			{
				temporaryRaw := resp.Header.Get("Goa-Attribute-Temporary")
				if temporaryRaw == "" {
					return nil, goahttp.ErrValidationError("ServiceEmptyErrorResponseBody", "MethodEmptyErrorResponseBody", goa.MissingFieldError("temporary", "header"))
				}
				v, err2 := strconv.ParseBool(temporaryRaw)
				if err2 != nil {
					err = goa.MergeErrors(err, goa.InvalidFieldTypeError("temporary", temporaryRaw, "boolean"))
				}
				temporary = v
			}
			{
				timeoutRaw := resp.Header.Get("Goa-Attribute-Timeout")
				if timeoutRaw == "" {
					return nil, goahttp.ErrValidationError("ServiceEmptyErrorResponseBody", "MethodEmptyErrorResponseBody", goa.MissingFieldError("timeout", "header"))
				}
				v, err2 := strconv.ParseBool(timeoutRaw)
				if err2 != nil {
					err = goa.MergeErrors(err, goa.InvalidFieldTypeError("timeout", timeoutRaw, "boolean"))
				}
				timeout = v
			}
			{
				faultRaw := resp.Header.Get("Goa-Attribute-Fault")
				if faultRaw == "" {
					return nil, goahttp.ErrValidationError("ServiceEmptyErrorResponseBody", "MethodEmptyErrorResponseBody", goa.MissingFieldError("fault", "header"))
				}
				v, err2 := strconv.ParseBool(faultRaw)
				if err2 != nil {
					err = goa.MergeErrors(err, goa.InvalidFieldTypeError("fault", faultRaw, "boolean"))
				}
				fault = v
			}
			if err != nil {
				return nil, goahttp.ErrValidationError("ServiceEmptyErrorResponseBody", "MethodEmptyErrorResponseBody", err)
			}
			return nil, NewMethodEmptyErrorResponseBodyInternalError(name, id, message, temporary, timeout, fault)
		case http.StatusNotFound:
			var (
				inHeader string
				err      error
			)
			inHeaderRaw := resp.Header.Get("In-Header")
			if inHeaderRaw == "" {
				err = goa.MergeErrors(err, goa.MissingFieldError("in-header", "header"))
			}
			inHeader = inHeaderRaw
			if err != nil {
				return nil, goahttp.ErrValidationError("ServiceEmptyErrorResponseBody", "MethodEmptyErrorResponseBody", err)
			}
			return nil, NewMethodEmptyErrorResponseBodyNotFound(inHeader)
		default:
			body, _ := io.ReadAll(resp.Body)
			return nil, goahttp.ErrInvalidResponse("ServiceEmptyErrorResponseBody", "MethodEmptyErrorResponseBody", resp.StatusCode, string(body))
		}
	}
}
