// MethodARequestBody is the type of the "ServiceMixedPayloadInBody" service
// "MethodA" endpoint HTTP request body.
type MethodARequestBody struct {
	Any    any                  `form:"any,omitempty" json:"any,omitempty" xml:"any,omitempty"`
	Array  []float32            `form:"array" json:"array" xml:"array"`
	Map    map[uint]any         `form:"map,omitempty" json:"map,omitempty" xml:"map,omitempty"`
	Object *BPayloadRequestBody `form:"object" json:"object" xml:"object"`
	DupObj *BPayloadRequestBody `form:"dup_obj,omitempty" json:"dup_obj,omitempty" xml:"dup_obj,omitempty"`
}

// BPayloadRequestBody is used to define fields on request body types.
type BPayloadRequestBody struct {
	Int   int    `form:"int" json:"int" xml:"int"`
	Bytes []byte `form:"bytes,omitempty" json:"bytes,omitempty" xml:"bytes,omitempty"`
}

// NewMethodARequestBody builds the HTTP request body from the payload of the
// "MethodA" endpoint of the "ServiceMixedPayloadInBody" service.
func NewMethodARequestBody(p *servicemixedpayloadinbody.APayload) *MethodARequestBody {
	body := &MethodARequestBody{
		Any: p.Any,
	}
	if p.Array != nil {
		body.Array = make([]float32, len(p.Array))
		for i, val := range p.Array {
			body.Array[i] = val
		}
	} else {
		body.Array = []float32{}
	}
	if p.Map != nil {
		body.Map = make(map[uint]any, len(p.Map))
		for key, val := range p.Map {
			tk := key
			tv := val
			body.Map[tk] = tv
		}
	}
	if p.Object != nil {
		body.Object = marshalServicemixedpayloadinbodyBPayloadToBPayloadRequestBody(p.Object)
	}
	if p.DupObj != nil {
		body.DupObj = marshalServicemixedpayloadinbodyBPayloadToBPayloadRequestBodyOptional(p.DupObj)
	}
	return body
}
