// EncodeMethodQueryArrayUInt32ValidateRequest returns an encoder for requests
// sent to the ServiceQueryArrayUInt32Validate MethodQueryArrayUInt32Validate
// server.
func EncodeMethodQueryArrayUInt32ValidateRequest(encoder func(*http.Request) goahttp.Encoder) func(*http.Request, any) error {
	return func(req *http.Request, v any) error {
		p, ok := v.(*servicequeryarrayuint32validate.MethodQueryArrayUInt32ValidatePayload)
		if !ok {
			return goahttp.ErrInvalidType("ServiceQueryArrayUInt32Validate", "MethodQueryArrayUInt32Validate", "*servicequeryarrayuint32validate.MethodQueryArrayUInt32ValidatePayload", v)
		}
		values := req.URL.Query()
		for _, value := range p.Q {
			valueStr := strconv.FormatUint(uint64(value), 10)
			values.Add("q", valueStr)
		}
		req.URL.RawQuery = values.Encode()
		return nil
	}
}
