// EncodeMethodQueryMapBoolStringValidateRequest returns an encoder for
// requests sent to the ServiceQueryMapBoolStringValidate
// MethodQueryMapBoolStringValidate server.
func EncodeMethodQueryMapBoolStringValidateRequest(encoder func(*http.Request) goahttp.Encoder) func(*http.Request, any) error {
	return func(req *http.Request, v any) error {
		p, ok := v.(*servicequerymapboolstringvalidate.MethodQueryMapBoolStringValidatePayload)
		if !ok {
			return goahttp.ErrInvalidType("ServiceQueryMapBoolStringValidate", "MethodQueryMapBoolStringValidate", "*servicequerymapboolstringvalidate.MethodQueryMapBoolStringValidatePayload", v)
		}
		values := req.URL.Query()
		for kRaw, value := range p.Q {
			k := strconv.FormatBool(kRaw)
			key := fmt.Sprintf("q[%s]", k)
			values.Add(key, value)
		}
		req.URL.RawQuery = values.Encode()
		return nil
	}
}
