// EncodeMethodQueryIntValidateRequest returns an encoder for requests sent to
// the ServiceQueryIntValidate MethodQueryIntValidate server.
func EncodeMethodQueryIntValidateRequest(encoder func(*http.Request) goahttp.Encoder) func(*http.Request, any) error {
	return func(req *http.Request, v any) error {
		p, ok := v.(*servicequeryintvalidate.MethodQueryIntValidatePayload)
		if !ok {
			return goahttp.ErrInvalidType("ServiceQueryIntValidate", "MethodQueryIntValidate", "*servicequeryintvalidate.MethodQueryIntValidatePayload", v)
		}
		values := req.URL.Query()
		values.Add("q", fmt.Sprintf("%v", p.Q))
		req.URL.RawQuery = values.Encode()
		return nil
	}
}
