// BuildMethodBodyPrimitiveArrayUserPayload builds the payload for the
// ServiceBodyPrimitiveArrayUser MethodBodyPrimitiveArrayUser endpoint from CLI
// flags.
func BuildMethodBodyPrimitiveArrayUserPayload(serviceBodyPrimitiveArrayUserMethodBodyPrimitiveArrayUserA string) (*servicebodyprimitivearrayuser.PayloadType, error) {
	var err error
	var a []string
	{
		if serviceBodyPrimitiveArrayUserMethodBodyPrimitiveArrayUserA != "" {
			err = json.Unmarshal([]byte(serviceBodyPrimitiveArrayUserMethodBodyPrimitiveArrayUserA), &a)
			if err != nil {
				return nil, fmt.Errorf("invalid JSON for a, \nerror: %s, \nexample of valid JSON:\n%s", err, "'[\n      \"Ducimus hic sint temporibus velit blanditiis in.\",\n      \"Sint qui sit quaerat quas illo.\"\n   ]'")
			}
		}
	}
	v := &servicebodyprimitivearrayuser.PayloadType{}
	v.A = a

	return v, nil
}
