// EncodeMethodQueryArrayFloat64ValidateRequest returns an encoder for requests
// sent to the ServiceQueryArrayFloat64Validate MethodQueryArrayFloat64Validate
// server.
func EncodeMethodQueryArrayFloat64ValidateRequest(encoder func(*http.Request) goahttp.Encoder) func(*http.Request, any) error {
	return func(req *http.Request, v any) error {
		p, ok := v.(*servicequeryarrayfloat64validate.MethodQueryArrayFloat64ValidatePayload)
		if !ok {
			return goahttp.ErrInvalidType("ServiceQueryArrayFloat64Validate", "MethodQueryArrayFloat64Validate", "*servicequeryarrayfloat64validate.MethodQueryArrayFloat64ValidatePayload", v)
		}
		values := req.URL.Query()
		for _, value := range p.Q {
			valueStr := strconv.FormatFloat(value, 'g', -1, 64)
			values.Add("q", valueStr)
		}
		req.URL.RawQuery = values.Encode()
		return nil
	}
}
