// DecodeMethodCookieAttrBindingsOptionalResponse returns a decoder for
// responses returned by the ServiceCookieAttrBindingsOptional
// MethodCookieAttrBindingsOptional endpoint. restoreBody controls whether the
// response body should be restored after having been read.
func DecodeMethodCookieAttrBindingsOptionalResponse(decoder func(*http.Response) goahttp.Decoder, restoreBody bool) func(*http.Response) (any, error) {
	return func(resp *http.Response) (any, error) {
		if restoreBody {
			b, err := io.ReadAll(resp.Body)
			if err != nil {
				return nil, err
			}
			resp.Body = io.NopCloser(bytes.NewBuffer(b))
			defer func() {
				resp.Body = io.NopCloser(bytes.NewBuffer(b))
			}()
		} else {
			defer resp.Body.Close()
		}
		switch resp.StatusCode {
		case http.StatusOK:
			var (
				sessionID             string
				sessionIDRaw          string
				sessionIDExpiresIn    int
				sessionIDCookieDomain string

				cookies = resp.Cookies()
				err     error
			)
			for _, c := range cookies {
				switch c.Name {
				case "SID":
					sessionIDRaw = c.Value
					sessionIDExpiresIn = int(c.MaxAge)
					sessionIDCookieDomain = c.Domain
				}
			}
			if sessionIDRaw == "" {
				err = goa.MergeErrors(err, goa.MissingFieldError("sessionID", "cookie"))
			}
			sessionID = sessionIDRaw
			if err != nil {
				return nil, goahttp.ErrValidationError("ServiceCookieAttrBindingsOptional", "MethodCookieAttrBindingsOptional", err)
			}
			res := NewMethodCookieAttrBindingsOptionalResultOK(sessionID)
			sessionIDExpiresInTmp := sessionIDExpiresIn
			res.ExpiresIn = &sessionIDExpiresInTmp
			sessionIDCookieDomainTmp := sessionIDCookieDomain
			res.CookieDomain = &sessionIDCookieDomainTmp
			return res, nil
		default:
			body, _ := io.ReadAll(resp.Body)
			return nil, goahttp.ErrInvalidResponse("ServiceCookieAttrBindingsOptional", "MethodCookieAttrBindingsOptional", resp.StatusCode, string(body))
		}
	}
}
