// BuildMethodCookieCustomNamePayload builds the payload for the
// ServiceCookieCustomName MethodCookieCustomName endpoint from CLI flags.
func BuildMethodCookieCustomNamePayload(serviceCookieCustomNameMethodCookieCustomNameC2 *string) (*servicecookiecustomname.MethodCookieCustomNamePayload, error) {
	var c2 *string
	{
		if serviceCookieCustomNameMethodCookieCustomNameC2 != nil {
			c2 = serviceCookieCustomNameMethodCookieCustomNameC2
		}
	}
	v := &servicecookiecustomname.MethodCookieCustomNamePayload{}
	v.Cookie = c2

	return v, nil
}
