// DecodeMethodHeaderStringImplicitResponse returns a decoder for responses
// returned by the ServiceHeaderStringImplicit MethodHeaderStringImplicit
// endpoint. restoreBody controls whether the response body should be restored
// after having been read.
func DecodeMethodHeaderStringImplicitResponse(decoder func(*http.Response) goahttp.Decoder, restoreBody bool) func(*http.Response) (any, error) {
	return func(resp *http.Response) (any, error) {
		if restoreBody {
			b, err := io.ReadAll(resp.Body)
			if err != nil {
				return nil, err
			}
			resp.Body = io.NopCloser(bytes.NewBuffer(b))
			defer func() {
				resp.Body = io.NopCloser(bytes.NewBuffer(b))
			}()
		} else {
			defer resp.Body.Close()
		}
		switch resp.StatusCode {
		case http.StatusOK:
			var (
				h   string
				err error
			)
			hRaw := resp.Header.Get("H")
			if hRaw == "" {
				err = goa.MergeErrors(err, goa.MissingFieldError("h", "header"))
			}
			h = hRaw
			if err != nil {
				return nil, goahttp.ErrValidationError("ServiceHeaderStringImplicit", "MethodHeaderStringImplicit", err)
			}
			return h, nil
		default:
			body, _ := io.ReadAll(resp.Body)
			return nil, goahttp.ErrInvalidResponse("ServiceHeaderStringImplicit", "MethodHeaderStringImplicit", resp.StatusCode, string(body))
		}
	}
}
