// EncodeMethodBodyUserValidateRequest returns an encoder for requests sent to
// the ServiceBodyUserValidate MethodBodyUserValidate server.
func EncodeMethodBodyUserValidateRequest(encoder func(*http.Request) goahttp.Encoder) func(*http.Request, any) error {
	return func(req *http.Request, v any) error {
		p, ok := v.(*servicebodyuservalidate.PayloadType)
		if !ok {
			return goahttp.ErrInvalidType("ServiceBodyUserValidate", "MethodBodyUserValidate", "*servicebodyuservalidate.PayloadType", v)
		}
		if p.A != nil {
			body := *p.A
			if err := encoder(req).Encode(&body); err != nil {
				return goahttp.ErrEncodingError("ServiceBodyUserValidate", "MethodBodyUserValidate", err)
			}
		}
		return nil
	}
}
