// Read returns an endpoint that makes HTTP requests to the body_lifecycle
// service read server.
func (c *Client) Read() goa.Endpoint {
	var (
		decodeResponse = DecodeReadResponse(c.decoder, c.RestoreResponseBody)
	)
	return func(ctx context.Context, v any) (any, error) {
		req, err := c.BuildReadRequest(ctx, v)
		if err != nil {
			return nil, err
		}
		resp, err := c.ReadDoer.Do(req)
		if err != nil {
			return nil, goahttp.ErrRequestError("body_lifecycle", "read", err)
		}
		return decodeResponse(resp)
	}
}

// Raw returns an endpoint that makes HTTP requests to the body_lifecycle
// service raw server.
func (c *Client) Raw() goa.Endpoint {
	var (
		decodeResponse = DecodeRawResponse(c.decoder, c.RestoreResponseBody)
	)
	return func(ctx context.Context, v any) (any, error) {
		req, err := c.BuildRawRequest(ctx, v)
		if err != nil {
			return nil, err
		}
		resp, err := c.RawDoer.Do(req)
		if err != nil {
			return nil, goahttp.ErrRequestError("body_lifecycle", "raw", err)
		}
		_, err = decodeResponse(resp)
		if err != nil {
			if closeErr := resp.Body.Close(); closeErr != nil {
				return nil, errors.Join(err, goahttp.ErrDecodingError("body_lifecycle", "raw", closeErr))
			}
			return nil, err
		}
		return &bodylifecycle.RawResponseData{Body: resp.Body}, nil
	}
}

// Watch returns an endpoint that makes HTTP requests to the body_lifecycle
// service watch server.
func (c *Client) Watch() goa.Endpoint {
	var (
		decodeResponse = DecodeWatchResponse(c.decoder, c.RestoreResponseBody)
	)
	return func(ctx context.Context, v any) (any, error) {
		req, err := c.BuildWatchRequest(ctx, v)
		if err != nil {
			return nil, err
		}
		// For SSE endpoints, connect and return a stream
		resp, err := c.WatchDoer.Do(req)
		if err != nil {
			return nil, goahttp.ErrRequestError("body_lifecycle", "watch", err)
		}

		if resp.StatusCode != http.StatusOK {
			// Decode designed errors (the decoder closes the response body).
			return decodeResponse(resp)
		}

		contentType := resp.Header.Get("Content-Type")
		mediaType, _, mediaTypeErr := mime.ParseMediaType(contentType)
		if mediaTypeErr != nil || mediaType != "text/event-stream" {
			contentTypeErr := fmt.Errorf("unexpected content type: %s (expected text/event-stream)", contentType)
			if err := resp.Body.Close(); err != nil {
				return nil, errors.Join(contentTypeErr, goahttp.ErrDecodingError("body_lifecycle", "watch", err))
			}
			return nil, contentTypeErr
		}

		return NewWatchStream(resp, c.decoder), nil
	}
}
