// DecodeMethodBodyPrimitiveArrayUserRequest returns a decoder for requests
// sent to the ServiceBodyPrimitiveArrayUser MethodBodyPrimitiveArrayUser
// endpoint.
func DecodeMethodBodyPrimitiveArrayUserRequest(mux goahttp.Muxer, decoder func(*http.Request) goahttp.Decoder) func(*http.Request) (*servicebodyprimitivearrayuser.PayloadType, error) {
	return func(r *http.Request) (*servicebodyprimitivearrayuser.PayloadType, error) {
		var payload *servicebodyprimitivearrayuser.PayloadType
		var (
			body string
			err  error
		)
		err = decoder(r).Decode(&body)
		if err != nil {
			if errors.Is(err, io.EOF) {
				err = nil
			} else {
				var gerr *goa.ServiceError
				if errors.As(err, &gerr) {
					return payload, gerr
				}
				return payload, goa.DecodePayloadError(err.Error())
			}
		}
		payload = NewMethodBodyPrimitiveArrayUserPayload(body)

		return payload, nil
	}
}
