// DecodeMethodQueryArrayUIntValidateRequest returns a decoder for requests
// sent to the ServiceQueryArrayUIntValidate MethodQueryArrayUIntValidate
// endpoint.
func DecodeMethodQueryArrayUIntValidateRequest(mux goahttp.Muxer, decoder func(*http.Request) goahttp.Decoder) func(*http.Request) (*servicequeryarrayuintvalidate.MethodQueryArrayUIntValidatePayload, error) {
	return func(r *http.Request) (*servicequeryarrayuintvalidate.MethodQueryArrayUIntValidatePayload, error) {
		var (
			q   []uint
			err error
		)
		{
			qRaw := r.URL.Query()["q"]
			if qRaw == nil {
				err = goa.MergeErrors(err, goa.MissingFieldError("q", "query string"))
			}
			q = make([]uint, len(qRaw))
			for i, rv := range qRaw {
				v, err2 := strconv.ParseUint(rv, 10, strconv.IntSize)
				if err2 != nil {
					err = goa.MergeErrors(err, goa.InvalidFieldTypeError("q", qRaw, "array of unsigned integers"))
				}
				q[i] = uint(v)
			}
		}
		if len(q) < 1 {
			err = goa.MergeErrors(err, goa.InvalidLengthError("q", q, len(q), 1, true))
		}
		for _, e := range q {
			if e < 1 {
				err = goa.MergeErrors(err, goa.InvalidRangeError("q[*]", e, 1, true))
			}
		}
		if err != nil {
			return nil, err
		}
		payload := NewMethodQueryArrayUIntValidatePayload(q)

		return payload, nil
	}
}
