// DecodeMethodQueryMapBoolStringRequest returns a decoder for requests sent to
// the ServiceQueryMapBoolString MethodQueryMapBoolString endpoint.
func DecodeMethodQueryMapBoolStringRequest(mux goahttp.Muxer, decoder func(*http.Request) goahttp.Decoder) func(*http.Request) (*servicequerymapboolstring.MethodQueryMapBoolStringPayload, error) {
	return func(r *http.Request) (*servicequerymapboolstring.MethodQueryMapBoolStringPayload, error) {
		var (
			q   map[bool]string
			err error
		)
		{
			qRaw := r.URL.Query()
			if len(qRaw) != 0 {
				for keyRaw, valRaw := range qRaw {
					if strings.HasPrefix(keyRaw, "q[") {
						if q == nil {
							q = make(map[bool]string)
						}
						var keya bool
						{
							openIdx := strings.IndexRune(keyRaw, '[')
							closeIdx := strings.IndexRune(keyRaw, ']')
							if closeIdx == -1 {
								err = goa.MergeErrors(err, goa.DecodePayloadError("invalid query string: missing closing bracket"))
							} else {
								keyaRaw := keyRaw[openIdx+1 : closeIdx]
								v, err2 := strconv.ParseBool(keyaRaw)
								if err2 != nil {
									err = goa.MergeErrors(err, goa.InvalidFieldTypeError("query", keyaRaw, "boolean"))
								}
								keya = v
							}
						}
						q[keya] = valRaw[0]
					}
				}
			}
		}
		if err != nil {
			return nil, err
		}
		payload := NewMethodQueryMapBoolStringPayload(q)

		return payload, nil
	}
}
