// DecodeMethodBodyMapStringRequest returns a decoder for requests sent to the
// ServiceBodyMapString MethodBodyMapString endpoint.
func DecodeMethodBodyMapStringRequest(mux goahttp.Muxer, decoder func(*http.Request) goahttp.Decoder) func(*http.Request) (*servicebodymapstring.MethodBodyMapStringPayload, error) {
	return func(r *http.Request) (*servicebodymapstring.MethodBodyMapStringPayload, error) {
		var payload *servicebodymapstring.MethodBodyMapStringPayload
		var (
			body MethodBodyMapStringRequestBody
			err  error
		)
		err = decoder(r).Decode(&body)
		if err != nil {
			if errors.Is(err, io.EOF) {
				return payload, goa.MissingPayloadError()
			}
			var gerr *goa.ServiceError
			if errors.As(err, &gerr) {
				return payload, gerr
			}
			return payload, goa.DecodePayloadError(err.Error())
		}
		payload = NewMethodBodyMapStringPayload(&body)

		return payload, nil
	}
}
