// EncodeMethodHeaderArrayUInt64Response returns an encoder for responses
// returned by the ServiceHeaderArrayUInt64 MethodHeaderArrayUInt64 endpoint.
func EncodeMethodHeaderArrayUInt64Response(encoder func(context.Context, http.ResponseWriter) goahttp.Encoder) func(context.Context, http.ResponseWriter, any) error {
	return func(ctx context.Context, w http.ResponseWriter, v any) error {
		res, _ := v.(*serviceheaderarrayuint64.MethodHeaderArrayUInt64Result)
		if res.H != nil {
			val := res.H
			hsSlice := make([]string, len(val))
			for i, e := range val {
				es := strconv.FormatUint(e, 10)
				hsSlice[i] = es
			}
			hs := strings.Join(hsSlice, ", ")
			w.Header().Set("H", hs)
		}
		w.WriteHeader(http.StatusOK)
		return nil
	}
}
