// ServiceMultipartUserTypeMethodMultipartUserTypeDecoderFunc is the type to
// decode multipart request for the "ServiceMultipartUserType" service
// "MethodMultipartUserType" endpoint.
type ServiceMultipartUserTypeMethodMultipartUserTypeDecoderFunc func(*multipart.Reader, **servicemultipartusertype.MethodMultipartUserTypePayload) error
