// EncodeShowResponse returns an encoder for responses returned by the
// NestedConstructorUnion Show endpoint.
func EncodeShowResponse(encoder func(context.Context, http.ResponseWriter) goahttp.Encoder) func(context.Context, http.ResponseWriter, any) error {
	return func(ctx context.Context, w http.ResponseWriter, v any) error {
		res, _ := v.(*nestedconstructorunion.NestedPayload)
		enc := encoder(ctx, w)
		body := NewShowResponseBody(res)
		w.WriteHeader(http.StatusOK)
		return enc.Encode(body)
	}
}
