// NewMethodBodyUnionUnion builds a ServiceBodyUnion service MethodBodyUnion
// endpoint payload.
func NewMethodBodyUnionUnion(body *MethodBodyUnionRequestBody) *servicebodyunion.Union {
	v := &servicebodyunion.Union{}
	if body.Values != nil {
		switch actual := body.Values.(type) {
		case ValuesStringRequestBody:
			obj := servicebodyunion.ValuesString(actual)
			v.Values = obj
		case ValuesIntRequestBody:
			obj := servicebodyunion.ValuesInt(actual)
			v.Values = obj
		}
	}

	return v
}
