// DecodeMethodQueryArrayBytesRequest returns a decoder for requests sent to
// the ServiceQueryArrayBytes MethodQueryArrayBytes endpoint.
func DecodeMethodQueryArrayBytesRequest(mux goahttp.Muxer, decoder func(*http.Request) goahttp.Decoder) func(*http.Request) (*servicequeryarraybytes.MethodQueryArrayBytesPayload, error) {
	return func(r *http.Request) (*servicequeryarraybytes.MethodQueryArrayBytesPayload, error) {
		var payload *servicequeryarraybytes.MethodQueryArrayBytesPayload
		var (
			q [][]byte
		)
		{
			qRaw := r.URL.Query()["q"]
			if qRaw != nil {
				q = make([][]byte, len(qRaw))
				for i, rv := range qRaw {
					q[i] = []byte(rv)
				}
			}
		}
		payload = NewMethodQueryArrayBytesPayload(q)

		return payload, nil
	}
}
