// DecodeMethodQueryArrayAnyRequest returns a decoder for requests sent to the
// ServiceQueryArrayAny MethodQueryArrayAny endpoint.
func DecodeMethodQueryArrayAnyRequest(mux goahttp.Muxer, decoder func(*http.Request) goahttp.Decoder) func(*http.Request) (*servicequeryarrayany.MethodQueryArrayAnyPayload, error) {
	return func(r *http.Request) (*servicequeryarrayany.MethodQueryArrayAnyPayload, error) {
		var (
			q []any
		)
		{
			qRaw := r.URL.Query()["q"]
			if qRaw != nil {
				q = make([]any, len(qRaw))
				for i, rv := range qRaw {
					q[i] = rv
				}
			}
		}
		payload := NewMethodQueryArrayAnyPayload(q)

		return payload, nil
	}
}
