// NewMethodBodyUserInnerPayloadType builds a ServiceBodyUserInner service
// MethodBodyUserInner endpoint payload.
func NewMethodBodyUserInnerPayloadType(body *MethodBodyUserInnerRequestBody) *servicebodyuserinner.PayloadType {
	v := &servicebodyuserinner.PayloadType{}
	if body.Inner != nil {
		v.Inner = unmarshalInnerTypeRequestBodyToServicebodyuserinnerInnerTypeOptional(body.Inner)
	}

	return v
}
