// NewMethodBodyQueryPathUserPayload builds a ServiceBodyQueryPathUser service
// MethodBodyQueryPathUser endpoint payload.
func NewMethodBodyQueryPathUserPayload(body *MethodBodyQueryPathUserRequestBody, c2 string, b *string) *servicebodyquerypathuser.PayloadType {
	v := &servicebodyquerypathuser.PayloadType{
		A: body.A,
	}
	v.C = &c2
	v.B = b

	return v
}
