// NewMethodBodyQueryUserPayload builds a ServiceBodyQueryUser service
// MethodBodyQueryUser endpoint payload.
func NewMethodBodyQueryUserPayload(body *MethodBodyQueryUserRequestBody, b *string) *servicebodyqueryuser.PayloadType {
	v := &servicebodyqueryuser.PayloadType{
		A: body.A,
	}
	v.B = b

	return v
}
