// EncodeMethodBodyArrayUserResponse returns an encoder for responses returned
// by the ServiceBodyArrayUser MethodBodyArrayUser endpoint.
func EncodeMethodBodyArrayUserResponse(encoder func(context.Context, http.ResponseWriter) goahttp.Encoder) func(context.Context, http.ResponseWriter, any) error {
	return func(ctx context.Context, w http.ResponseWriter, v any) error {
		res, _ := v.(*servicebodyarrayuser.MethodBodyArrayUserResult)
		enc := encoder(ctx, w)
		body := NewMethodBodyArrayUserResponseBody(res)
		w.WriteHeader(http.StatusOK)
		return enc.Encode(body)
	}
}
