// EncodeMethodBodyPrimitiveArrayUserResponse returns an encoder for responses
// returned by the ServiceBodyPrimitiveArrayUser MethodBodyPrimitiveArrayUser
// endpoint.
func EncodeMethodBodyPrimitiveArrayUserResponse(encoder func(context.Context, http.ResponseWriter) goahttp.Encoder) func(context.Context, http.ResponseWriter, any) error {
	return func(ctx context.Context, w http.ResponseWriter, v any) error {
		res, _ := v.([]*servicebodyprimitivearrayuser.ResultType)
		enc := encoder(ctx, w)
		body := NewMethodBodyPrimitiveArrayUserResponseBody(res)
		w.WriteHeader(http.StatusOK)
		return enc.Encode(body)
	}
}
