// DecodeMethodBodyPathUserRequest returns a decoder for requests sent to the
// ServiceBodyPathUser MethodBodyPathUser endpoint.
func DecodeMethodBodyPathUserRequest(mux goahttp.Muxer, decoder func(*http.Request) goahttp.Decoder) func(*http.Request) (*servicebodypathuser.PayloadType, error) {
	return func(r *http.Request) (*servicebodypathuser.PayloadType, error) {
		var (
			body MethodBodyPathUserRequestBody
			err  error
		)
		err = decoder(r).Decode(&body)
		if err != nil {
			if errors.Is(err, io.EOF) {
				return nil, goa.MissingPayloadError()
			}
			var gerr *goa.ServiceError
			if errors.As(err, &gerr) {
				return nil, gerr
			}
			return nil, goa.DecodePayloadError(err.Error())
		}

		var (
			b string

			params = mux.Vars(r)
		)
		b = params["b"]
		payload := NewMethodBodyPathUserPayloadType(&body, b)

		return payload, nil
	}
}
