// DecodeMethodBodyQueryUserRequest returns a decoder for requests sent to the
// ServiceBodyQueryUser MethodBodyQueryUser endpoint.
func DecodeMethodBodyQueryUserRequest(mux goahttp.Muxer, decoder func(*http.Request) goahttp.Decoder) func(*http.Request) (*servicebodyqueryuser.PayloadType, error) {
	return func(r *http.Request) (*servicebodyqueryuser.PayloadType, error) {
		var (
			body MethodBodyQueryUserRequestBody
			err  error
		)
		err = decoder(r).Decode(&body)
		if err != nil {
			if errors.Is(err, io.EOF) {
				return nil, goa.MissingPayloadError()
			}
			var gerr *goa.ServiceError
			if errors.As(err, &gerr) {
				return nil, gerr
			}
			return nil, goa.DecodePayloadError(err.Error())
		}

		var (
			b *string
		)
		bRaw := r.URL.Query().Get("b")
		if bRaw != "" {
			b = &bRaw
		}
		payload := NewMethodBodyQueryUserPayloadType(&body, b)

		return payload, nil
	}
}
