// DecodeMethodBodyPrimitiveArrayUserValidateRequest returns a decoder for
// requests sent to the ServiceBodyPrimitiveArrayUserValidate
// MethodBodyPrimitiveArrayUserValidate endpoint.
func DecodeMethodBodyPrimitiveArrayUserValidateRequest(mux goahttp.Muxer, decoder func(*http.Request) goahttp.Decoder) func(*http.Request) ([]*servicebodyprimitivearrayuservalidate.PayloadType, error) {
	return func(r *http.Request) ([]*servicebodyprimitivearrayuservalidate.PayloadType, error) {
		var payload []*servicebodyprimitivearrayuservalidate.PayloadType
		var (
			body []*PayloadType
			err  error
		)
		err = decoder(r).Decode(&body)
		if err != nil {
			if errors.Is(err, io.EOF) {
				return payload, goa.MissingPayloadError()
			}
			var gerr *goa.ServiceError
			if errors.As(err, &gerr) {
				return payload, gerr
			}
			return payload, goa.DecodePayloadError(err.Error())
		}
		if len(body) < 1 {
			err = goa.MergeErrors(err, goa.InvalidLengthError("body", body, len(body), 1, true))
		}
		for _, e := range body {
			if e != nil {
				if err2 := ValidatePayloadType(e); err2 != nil {
					err = goa.MergeErrors(err, err2)
				}
			}
		}
		if err != nil {
			return payload, err
		}
		payload = NewMethodBodyPrimitiveArrayUserValidatePayload(body)

		return payload, nil
	}
}
