// EncodeMethodHeaderArrayFloat32Response returns an encoder for responses
// returned by the ServiceHeaderArrayFloat32 MethodHeaderArrayFloat32 endpoint.
func EncodeMethodHeaderArrayFloat32Response(encoder func(context.Context, http.ResponseWriter) goahttp.Encoder) func(context.Context, http.ResponseWriter, any) error {
	return func(ctx context.Context, w http.ResponseWriter, v any) error {
		res, _ := v.(*serviceheaderarrayfloat32.MethodHeaderArrayFloat32Result)
		if res.H != nil {
			val := res.H
			hsSlice := make([]string, len(val))
			for i, e := range val {
				es := strconv.FormatFloat(float64(e), 'f', -1, 32)
				hsSlice[i] = es
			}
			hs := strings.Join(hsSlice, ", ")
			w.Header().Set("H", hs)
		}
		w.WriteHeader(http.StatusOK)
		return nil
	}
}
