// DecodeMethodQueryIntValidateRequest returns a decoder for requests sent to
// the ServiceQueryIntValidate MethodQueryIntValidate endpoint.
func DecodeMethodQueryIntValidateRequest(mux goahttp.Muxer, decoder func(*http.Request) goahttp.Decoder) func(*http.Request) (*servicequeryintvalidate.MethodQueryIntValidatePayload, error) {
	return func(r *http.Request) (*servicequeryintvalidate.MethodQueryIntValidatePayload, error) {
		var (
			q   int
			err error
		)
		{
			qRaw := r.URL.Query().Get("q")
			if qRaw == "" {
				err = goa.MergeErrors(err, goa.MissingFieldError("q", "query string"))
			}
			v, err2 := strconv.ParseInt(qRaw, 10, strconv.IntSize)
			if err2 != nil {
				err = goa.MergeErrors(err, goa.InvalidFieldTypeError("q", qRaw, "integer"))
			}
			q = int(v)
		}
		if q < 1 {
			err = goa.MergeErrors(err, goa.InvalidRangeError("q", q, 1, true))
		}
		if err != nil {
			return nil, err
		}
		payload := NewMethodQueryIntValidatePayload(q)

		return payload, nil
	}
}
