// DecodeMethodBodyObjectValidateRequest returns a decoder for requests sent to
// the ServiceBodyObjectValidate MethodBodyObjectValidate endpoint.
func DecodeMethodBodyObjectValidateRequest(mux goahttp.Muxer, decoder func(*http.Request) goahttp.Decoder) func(*http.Request) (*servicebodyobjectvalidate.MethodBodyObjectValidatePayload, error) {
	return func(r *http.Request) (*servicebodyobjectvalidate.MethodBodyObjectValidatePayload, error) {
		var payload *servicebodyobjectvalidate.MethodBodyObjectValidatePayload
		var (
			body struct {
				B *string `form:"b" json:"b" xml:"b"`
			}
			err error
		)
		err = decoder(r).Decode(&body)
		if err != nil {
			if errors.Is(err, io.EOF) {
				return payload, goa.MissingPayloadError()
			}
			var gerr *goa.ServiceError
			if errors.As(err, &gerr) {
				return payload, gerr
			}
			return payload, goa.DecodePayloadError(err.Error())
		}
		if body.B != nil {
			err = goa.MergeErrors(err, goa.ValidatePattern("body.b", *body.B, "pattern"))
		}
		if err != nil {
			return payload, err
		}
		payload = NewMethodBodyObjectValidatePayload(body)

		return payload, nil
	}
}
