// DecodeMethodBodyNestedUUIDFieldRequest returns a decoder for requests sent
// to the ServiceBodyNestedUUIDField MethodBodyNestedUUIDField endpoint.
func DecodeMethodBodyNestedUUIDFieldRequest(mux goahttp.Muxer, decoder func(*http.Request) goahttp.Decoder) func(*http.Request) (*servicebodynesteduuidfield.MethodBodyNestedUUIDFieldPayload, error) {
	return func(r *http.Request) (*servicebodynesteduuidfield.MethodBodyNestedUUIDFieldPayload, error) {
		var payload *servicebodynesteduuidfield.MethodBodyNestedUUIDFieldPayload
		var (
			body MethodBodyNestedUUIDFieldRequestBody
			err  error
		)
		err = decoder(r).Decode(&body)
		if err != nil {
			if errors.Is(err, io.EOF) {
				return payload, goa.MissingPayloadError()
			}
			var gerr *goa.ServiceError
			if errors.As(err, &gerr) {
				return payload, gerr
			}
			return payload, goa.DecodePayloadError(err.Error())
		}
		payload = NewMethodBodyNestedUUIDFieldPayload(&body)

		return payload, nil
	}
}
