// DecodeMethodQueryBytesValidateRequest returns a decoder for requests sent to
// the ServiceQueryBytesValidate MethodQueryBytesValidate endpoint.
func DecodeMethodQueryBytesValidateRequest(mux goahttp.Muxer, decoder func(*http.Request) goahttp.Decoder) func(*http.Request) (*servicequerybytesvalidate.MethodQueryBytesValidatePayload, error) {
	return func(r *http.Request) (*servicequerybytesvalidate.MethodQueryBytesValidatePayload, error) {
		var (
			q   []byte
			err error
		)
		{
			qRaw := r.URL.Query().Get("q")
			if qRaw == "" {
				err = goa.MergeErrors(err, goa.MissingFieldError("q", "query string"))
			}
			q = []byte(qRaw)
		}
		if len(q) < 1 {
			err = goa.MergeErrors(err, goa.InvalidLengthError("q", q, len(q), 1, true))
		}
		if err != nil {
			return nil, err
		}
		payload := NewMethodQueryBytesValidatePayload(q)

		return payload, nil
	}
}
