// DecodeMethodUserBodyPathValidateRequest returns a decoder for requests sent
// to the ServiceBodyPathUserValidate MethodUserBodyPathValidate endpoint.
func DecodeMethodUserBodyPathValidateRequest(mux goahttp.Muxer, decoder func(*http.Request) goahttp.Decoder) func(*http.Request) (*servicebodypathuservalidate.PayloadType, error) {
	return func(r *http.Request) (*servicebodypathuservalidate.PayloadType, error) {
		var payload *servicebodypathuservalidate.PayloadType
		var (
			body MethodUserBodyPathValidateRequestBody
			err  error
		)
		err = decoder(r).Decode(&body)
		if err != nil {
			if errors.Is(err, io.EOF) {
				return payload, goa.MissingPayloadError()
			}
			var gerr *goa.ServiceError
			if errors.As(err, &gerr) {
				return payload, gerr
			}
			return payload, goa.DecodePayloadError(err.Error())
		}
		err = ValidateMethodUserBodyPathValidateRequestBody(&body)
		if err != nil {
			return payload, err
		}

		var (
			b string

			params = mux.Vars(r)
		)
		b = params["b"]
		err = goa.MergeErrors(err, goa.ValidatePattern("b", b, "patternb"))
		if err != nil {
			return payload, err
		}
		payload = NewMethodUserBodyPathValidatePayloadType(&body, b)

		return payload, nil
	}
}
