// EncodeMethodCookieAttrBindingsErrorResponse returns an encoder for responses
// returned by the ServiceCookieAttrBindingsError MethodCookieAttrBindingsError
// endpoint.
func EncodeMethodCookieAttrBindingsErrorResponse(encoder func(context.Context, http.ResponseWriter) goahttp.Encoder) func(context.Context, http.ResponseWriter, any) error {
	return func(ctx context.Context, w http.ResponseWriter, v any) error {
		w.WriteHeader(http.StatusNoContent)
		return nil
	}
}
