// DecodeMethodQueryMapStringBoolRequest returns a decoder for requests sent to
// the ServiceQueryMapStringBool MethodQueryMapStringBool endpoint.
func DecodeMethodQueryMapStringBoolRequest(mux goahttp.Muxer, decoder func(*http.Request) goahttp.Decoder) func(*http.Request) (*servicequerymapstringbool.MethodQueryMapStringBoolPayload, error) {
	return func(r *http.Request) (*servicequerymapstringbool.MethodQueryMapStringBoolPayload, error) {
		var (
			q   map[string]bool
			err error
		)
		{
			qRaw := r.URL.Query()
			if len(qRaw) != 0 {
				for keyRaw, valRaw := range qRaw {
					if strings.HasPrefix(keyRaw, "q[") {
						if q == nil {
							q = make(map[string]bool)
						}
						var keya string
						{
							openIdx := strings.IndexRune(keyRaw, '[')
							closeIdx := strings.IndexRune(keyRaw, ']')
							if closeIdx == -1 {
								err = goa.MergeErrors(err, goa.DecodePayloadError("invalid query string: missing closing bracket"))
							} else {
								keya = keyRaw[openIdx+1 : closeIdx]
							}
						}
						var vala bool
						{
							valaRaw := valRaw[0]
							v, err2 := strconv.ParseBool(valaRaw)
							if err2 != nil {
								err = goa.MergeErrors(err, goa.InvalidFieldTypeError("query", valaRaw, "boolean"))
							}
							vala = v
						}
						q[keya] = vala
					}
				}
			}
		}
		if err != nil {
			return nil, err
		}
		payload := NewMethodQueryMapStringBoolPayload(q)

		return payload, nil
	}
}
