// SSEDataIDFieldMethodServerStream implements the
// ssedataidfieldservice.SSEDataIDFieldMethodServerStream interface using
// Server-Sent Events.
type SSEDataIDFieldMethodServerStream struct {
	// once ensures the headers are written once.
	once sync.Once
	// w is the HTTP response writer used to send the SSE events.
	w http.ResponseWriter
	// r is the HTTP request.
	r *http.Request
	// attempted is true after this stream writes the HTTP success status.
	attempted bool
}

// start writes the headers that identify a successful SSE response.
func (s *SSEDataIDFieldMethodServerStream) start() {
	s.once.Do(func() {
		header := s.w.Header()
		if header.Get("Content-Type") == "" {
			header.Set("Content-Type", "text/event-stream")
		}
		if header.Get("Cache-Control") == "" {
			header.Set("Cache-Control", "no-cache")
		}
		if header.Get("Connection") == "" {
			header.Set("Connection", "keep-alive")
		}
		s.w.WriteHeader(http.StatusOK)
		s.attempted = true
	})
}

// finish writes an empty successful SSE response when the service sent no
// events.
func (s *SSEDataIDFieldMethodServerStream) finish() error {
	if s.attempted {
		return nil
	}
	s.start()
	return nil
}

// Send Send streams instances of
// "ssedataidfieldservice.SSEDataIDFieldMethodResult" to the
// "SSEDataIDFieldMethod" endpoint SSE connection.
func (s *SSEDataIDFieldMethodServerStream) Send(v *ssedataidfieldservice.SSEDataIDFieldMethodResult) error {
	return s.SendWithContext(context.Background(), v)
}

// SendWithContext SendWithContext streams instances of
// "ssedataidfieldservice.SSEDataIDFieldMethodResult" to the
// "SSEDataIDFieldMethod" endpoint SSE connection with context.
func (s *SSEDataIDFieldMethodServerStream) SendWithContext(ctx context.Context, v *ssedataidfieldservice.SSEDataIDFieldMethodResult) error {
	res := v

	var data string
	hasData := true
	body := NewSSEDataIDFieldMethodResponseBody(res)

	if body.Data != nil {
		data = string(*body.Data)
	} else {
		hasData = false
	}
	id := res.ID
	if id != nil {
		for i := 0; i < len(*id); i++ {
			if (*id)[i] == '\r' || (*id)[i] == '\n' || (*id)[i] == 0 {
				return fmt.Errorf("SSE event ID contains a character that cannot appear on an id line")
			}
		}
	}
	s.start()

	if id != nil {
		if _, err := fmt.Fprintf(s.w, "id: %s\n", *id); err != nil {
			return err
		}
	}
	if hasData {
		remaining := data
		for {
			lineEnd := 0
			for lineEnd < len(remaining) && remaining[lineEnd] != '\r' && remaining[lineEnd] != '\n' {
				lineEnd++
			}
			if _, err := fmt.Fprintf(s.w, "data: %s\n", remaining[:lineEnd]); err != nil {
				return err
			}
			if lineEnd == len(remaining) {
				break
			}
			next := lineEnd + 1
			if remaining[lineEnd] == '\r' && next < len(remaining) && remaining[next] == '\n' {
				next++
			}
			remaining = remaining[next:]
		}
	}
	if _, err := fmt.Fprintln(s.w); err != nil {
		return err
	}

	if err := http.NewResponseController(s.w).Flush(); err != nil {
		return err
	}
	return nil
}

// Close does nothing because an SSE stream closes with its HTTP response. The
// common stream interface still requires this method.
func (s *SSEDataIDFieldMethodServerStream) Close() error {
	return nil
}
