// SSEIntMethodServerStream implements the
// sseintservice.SSEIntMethodServerStream interface using Server-Sent Events.
type SSEIntMethodServerStream struct {
	// once ensures the headers are written once.
	once sync.Once
	// w is the HTTP response writer used to send the SSE events.
	w http.ResponseWriter
	// r is the HTTP request.
	r *http.Request
	// attempted is true after this stream writes the HTTP success status.
	attempted bool
}

// Send Send streams instances of "int" to the "SSEIntMethod" endpoint SSE
// connection.
func (s *SSEIntMethodServerStream) Send(v int) error {
	return s.SendWithContext(context.Background(), v)
}

// SendWithContext SendWithContext streams instances of "int" to the
// "SSEIntMethod" endpoint SSE connection with context.
func (s *SSEIntMethodServerStream) SendWithContext(ctx context.Context, v int) error {
	res := v

	var data string
	body := res

	data = fmt.Sprintf("%d", body)
	s.once.Do(func() {
		header := s.w.Header()
		if header.Get("Content-Type") == "" {
			header.Set("Content-Type", "text/event-stream")
		}
		if header.Get("Cache-Control") == "" {
			header.Set("Cache-Control", "no-cache")
		}
		if header.Get("Connection") == "" {
			header.Set("Connection", "keep-alive")
		}
		s.w.WriteHeader(http.StatusOK)
		s.attempted = true
	})

	remaining := data
	for {
		lineEnd := 0
		for lineEnd < len(remaining) && remaining[lineEnd] != '\r' && remaining[lineEnd] != '\n' {
			lineEnd++
		}
		if _, err := fmt.Fprintf(s.w, "data: %s\n", remaining[:lineEnd]); err != nil {
			return err
		}
		if lineEnd == len(remaining) {
			break
		}
		next := lineEnd + 1
		if remaining[lineEnd] == '\r' && next < len(remaining) && remaining[next] == '\n' {
			next++
		}
		remaining = remaining[next:]
	}
	if _, err := fmt.Fprintln(s.w); err != nil {
		return err
	}

	if err := http.NewResponseController(s.w).Flush(); err != nil {
		return err
	}
	return nil
}

// Close does nothing because an SSE stream closes with its HTTP response. The
// common stream interface still requires this method.
func (s *SSEIntMethodServerStream) Close() error {
	return nil
}
