// EncodeAliasRequest returns an encoder for requests sent to the params
// service alias JSON-RPC method. The encoder returns the request ID written
// into the JSON-RPC message.
func EncodeAliasRequest(encoder func(*http.Request) goahttp.Encoder) func(*http.Request, any) (string, error) {
	return func(req *http.Request, v any) (string, error) {
		p, ok := v.(params.Alias)
		if !ok {
			return "", goahttp.ErrInvalidType("params", "alias", "params.Alias", v)
		}
		b := p
		body := &jsonrpc.Request{
			JSONRPC: "2.0",
			Method:  "alias",
			Params:  []params.Alias{b},
		}
		requestID := uuid.New().String()
		body.ID = requestID
		if err := encoder(req).Encode(&body); err != nil {
			return "", goahttp.ErrEncodingError("params", "alias", err)
		}
		return requestID, nil
	}
}
