// NewSecureWithBearerEndpoint returns an endpoint function that calls the
// method "SecureWithBearer" of service "EndpointWithBearer".
func NewSecureWithBearerEndpoint(s Service, authBearerFn security.AuthBearerFunc) goa.Endpoint {
	return func(ctx context.Context, req any) (any, error) {
		p := req.(*SecureWithBearerPayload)
		var err error
		sc := security.BearerScheme{
			Name:           "bearer",
			Scopes:         []string{"api:read", "api:write", "api:admin"},
			RequiredScopes: []string{"api:read"},
		}
		var token string
		if p.Token != nil {
			token = string(*p.Token)
		}
		ctx, err = authBearerFn(ctx, token, &sc)
		if err != nil {
			return nil, err
		}
		return nil, s.SecureWithBearer(ctx, p)
	}
}
