
// Service is the NestedCustomError service interface.
type Service interface {
	// Fail implements Fail.
	Fail(context.Context) (err error)
}

// APIName is the name of the API as defined in the design.
const APIName = "test api"

// APIVersion is the version of the API as defined in the design.
const APIVersion = "0.0.1"

// ServiceName is the name of the service as defined in the design. This is the
// same value that is set in the endpoint request contexts under the ServiceKey
// key.
const ServiceName = "NestedCustomError"

// MethodNames lists the service method names as defined in the design. These
// are the same values that are set in the endpoint request contexts under the
// MethodKey key.
var MethodNames = [1]string{"Fail"}

type Detail struct {
	Message *string
}

type Failure struct {
	Detail *Detail
}

// Error returns an error description.
func (e *Failure) Error() string {
	return ""
}

// ErrorName returns the error name.
//
// Deprecated: Use GoaErrorName - https://github.com/goadesign/goa/issues/3105
func (e *Failure) ErrorName() string {
	return e.GoaErrorName()
}

// GoaErrorName returns the error name.
func (e *Failure) GoaErrorName() string {
	return "failure"
}
