func transform() {
	target := &Simple{
		RequiredString: string(source.RequiredString),
		DefaultBool:    bool(source.DefaultBool),
	}
	if source.Integer != nil {
		integer := int(*source.Integer)
		target.Integer = &integer
	}
	{
		var zero bool
		if target.DefaultBool == zero {
			target.DefaultBool = true
		}
	}
}
