func transform() {
	target := &MapArray{}
	if source.MapArray != nil {
		target.MapArray = make([]map[int]string, len(source.MapArray))
		for i, val := range source.MapArray {
			target.MapArray[i] = make(map[int]string, len(val))
			for key, val := range val {
				tk := key
				tv := val
				target.MapArray[i][tk] = tv
			}
		}
	}
}
