func transform() {
	target := &WithDefaults{
		Int:            source.Int,
		RawJSON:        source.RawJSON,
		RequiredInt:    source.RequiredInt,
		String:         source.String,
		RequiredString: source.RequiredString,
		Bytes:          source.Bytes,
		RequiredBytes:  source.RequiredBytes,
		Any:            source.Any,
		RequiredAny:    source.RequiredAny,
	}
	{
		var zero int
		if target.Int == zero {
			target.Int = 100
		}
	}
	{
		if target.RawJSON == nil {
			target.RawJSON = json.RawMessage{0x66, 0x6f, 0x6f}
		}
	}
	{
		var zero string
		if target.String == zero {
			target.String = "foo"
		}
	}
	{
		if target.Bytes == nil {
			target.Bytes = []byte{0x66, 0x6f, 0x6f, 0x62, 0x61, 0x72}
		}
	}
	{
		if target.Any == nil {
			target.Any = "something"
		}
	}
	if source.Array != nil {
		target.Array = make([]string, len(source.Array))
		for i, val := range source.Array {
			target.Array[i] = val
		}
	}
	if source.Array == nil {
		target.Array = []string{"foo", "bar"}
	}
	if source.RequiredArray != nil {
		target.RequiredArray = make([]string, len(source.RequiredArray))
		for i, val := range source.RequiredArray {
			target.RequiredArray[i] = val
		}
	} else {
		target.RequiredArray = []string{}
	}
	if source.Map != nil {
		target.Map = make(map[int]string, len(source.Map))
		for key, val := range source.Map {
			tk := key
			tv := val
			target.Map[tk] = tv
		}
	}
	if source.Map == nil {
		target.Map = map[int]string{1: "foo"}
	}
	if source.RequiredMap != nil {
		target.RequiredMap = make(map[int]string, len(source.RequiredMap))
		for key, val := range source.RequiredMap {
			tk := key
			tv := val
			target.RequiredMap[tk] = tv
		}
	}
}
