func Validate() (err error) {
	if target.RequiredUnion == nil {
		err = goa.MergeErrors(err, goa.MissingFieldError("required_union", "target"))
	}
	switch v := target.RequiredUnion.(type) {
	case *Union_Int:
		if v.Int != nil {
			if err2 := ValidateInteger(v.Int); err2 != nil {
				err = goa.MergeErrors(err, err2)
			}
		}

	case *Union_Float:
		if v.Float != nil {
			if err2 := ValidateFloat(v.Float); err2 != nil {
				err = goa.MergeErrors(err, err2)
			}
		}

	case *Union_String:
		if v.String != nil {
			if err2 := ValidateString(v.String); err2 != nil {
				err = goa.MergeErrors(err, err2)
			}
		}
	}
	switch v := target.Union.(type) {
	case *Union_Int:
		if v.Int != nil {
			if err2 := ValidateInteger(v.Int); err2 != nil {
				err = goa.MergeErrors(err, err2)
			}
		}

	case *Union_Float:
		if v.Float != nil {
			if err2 := ValidateFloat(v.Float); err2 != nil {
				err = goa.MergeErrors(err, err2)
			}
		}

	case *Union_String:
		if v.String != nil {
			if err2 := ValidateString(v.String); err2 != nil {
				err = goa.MergeErrors(err, err2)
			}
		}
	}
}
