// ServerInterceptors defines the interface for all server-side interceptors.
// Server interceptors execute after the request is decoded and before the payload
// is sent to the service (request interceptors) or after the service returns and
// before the response is encoded (response interceptors).
type ServerInterceptors interface {
	Validation(context.Context, *ValidationInfo, goa.NextFunc) (any, error)
}

// Access interfaces for interceptor payloads and results
type (
	// ValidationInfo provides metadata about the current interception.
	// It includes service name, method name, and access to the endpoint.
	ValidationInfo goa.InterceptorInfo

	// ValidationPayloadAccess provides type-safe access to the method payload.
	// It allows reading and writing specific fields of the payload as defined
	// in the design.
	ValidationPayloadAccess interface {
		SetName(string)
	}
)

// Private implementation types
type (
	validationPayloadAccess struct {
		payload *MethodPayload
	}
)

// Public accessor methods for Info types
// Payload returns a type-safe accessor for the method payload.
func (info *ValidationInfo) Payload() ValidationPayloadAccess {
	return &validationPayloadAccess{payload: info.RawPayload.(*MethodPayload)}
}

// Private implementation methods
func (p *validationPayloadAccess) SetName(v string) {
	p.payload.Name = v
}


