

// wrapGetInfoJWTAuth applies the JWTAuth server interceptor to endpoints.
func wrapGetInfoJWTAuth(endpoint goa.Endpoint, i ServerInterceptors) goa.Endpoint {
	return func(ctx context.Context, req any) (any, error) {
		info := &jwtAuthGetInfoServerUnaryInfo{
			jwtAuthGetInfoInfo: jwtAuthGetInfoInfo{rawPayload: req},
		}
		return i.JWTAuth(ctx, info, endpoint)
	}
}

// wrapClientGetInfoJWTAuth applies the JWTAuth client interceptor to endpoints.
func wrapClientGetInfoJWTAuth(endpoint goa.Endpoint, i ClientInterceptors) goa.Endpoint {
	return func(ctx context.Context, req any) (any, error) {
		info := &jwtAuthGetInfoClientUnaryInfo{
			jwtAuthGetInfoInfo: jwtAuthGetInfoInfo{rawPayload: req},
		}
		return i.JWTAuth(ctx, info, endpoint)
	}
}
