// ClientInterceptors defines the interface for all client-side interceptors.
// Client interceptors execute after the payload is encoded and before the request
// is sent to the server. The implementation is responsible for calling next to
// complete the request.
type ClientInterceptors interface {
	Test2(ctx context.Context, info *Test2Info, next goa.Endpoint) (any, error)
	Test4(ctx context.Context, info *Test4Info, next goa.Endpoint) (any, error)
}

// Access interfaces for interceptor payloads and results
type (
	// Test2Info provides metadata about the current interception.
	// It includes service name, method name, and access to the endpoint.
	Test2Info struct {
		service    string
		method     string
		callType   goa.InterceptorCallType
		rawPayload any
	}
	// Test4Info provides metadata about the current interception.
	// It includes service name, method name, and access to the endpoint.
	Test4Info struct {
		service    string
		method     string
		callType   goa.InterceptorCallType
		rawPayload any
	}
)

// WrapMethodClientEndpoint wraps the Method endpoint with the client
// interceptors defined in the design.
func WrapMethodClientEndpoint(endpoint goa.Endpoint, i ClientInterceptors) goa.Endpoint {
	if i != nil {
		endpoint = wrapClientMethodTest2(endpoint, i)
		endpoint = wrapClientMethodTest4(endpoint, i)
	}
	return endpoint
}

// Public accessor methods for Info types

// Service returns the name of the service handling the request.
func (info *Test2Info) Service() string {
	return info.service
}

// Method returns the name of the method handling the request.
func (info *Test2Info) Method() string {
	return info.method
}

// CallType returns the type of call the interceptor is handling.
func (info *Test2Info) CallType() goa.InterceptorCallType {
	return info.callType
}

// RawPayload returns the raw payload of the request.
func (info *Test2Info) RawPayload() any {
	return info.rawPayload
}

// Service returns the name of the service handling the request.
func (info *Test4Info) Service() string {
	return info.service
}

// Method returns the name of the method handling the request.
func (info *Test4Info) Method() string {
	return info.method
}

// CallType returns the type of call the interceptor is handling.
func (info *Test4Info) CallType() goa.InterceptorCallType {
	return info.callType
}

// RawPayload returns the raw payload of the request.
func (info *Test4Info) RawPayload() any {
	return info.rawPayload
}
