

// wrappedMethodServerStream is a server interceptor wrapper for the
// MethodServerStream stream.
type wrappedMethodServerStream struct {
	ctx             context.Context
	recvWithContext func(context.Context) (*MethodStreamingPayload, error)
	stream          MethodServerStream
}

// wrappedMethodClientStream is a client interceptor wrapper for the
// MethodClientStream stream.
type wrappedMethodClientStream struct {
	ctx             context.Context
	sendWithContext func(context.Context, *MethodStreamingPayload) error
	stream          MethodClientStream
}

// wrapMethodLogging applies the logging server interceptor to endpoints.
func wrapMethodLogging(endpoint goa.Endpoint, i ServerInterceptors) goa.Endpoint {
	return func(ctx context.Context, req any) (any, error) {
		stream := req.(*MethodEndpointInput).Stream
		req.(*MethodEndpointInput).Stream = &wrappedMethodServerStream{
			ctx: ctx,
			recvWithContext: func(ctx context.Context) (*MethodStreamingPayload, error) {
				info := &loggingMethodStreamingRecvInfo{
					loggingMethodInfo: &loggingMethodInfo{},
				}
				res, err := i.Logging(ctx, info, func(ctx context.Context, _ any) (any, error) {
					return stream.RecvWithContext(ctx)
				})
				castRes, _ := res.(*MethodStreamingPayload)
				return castRes, err
			},
			stream: stream,
		}
		info := &loggingMethodServerUnaryInfo{
			loggingMethodInfo: &loggingMethodInfo{rawPayload: req},
		}
		return i.Logging(ctx, info, endpoint)
	}
}

// wrapClientMethodLogging applies the logging client interceptor to endpoints.
func wrapClientMethodLogging(endpoint goa.Endpoint, i ClientInterceptors) goa.Endpoint {
	return func(ctx context.Context, req any) (any, error) {
		info := &loggingMethodClientUnaryInfo{
			loggingMethodInfo: &loggingMethodInfo{rawPayload: req},
		}
		res, err := i.Logging(ctx, info, endpoint)
		if err != nil {
			return res, err
		}
		stream := res.(MethodClientStream)
		return &wrappedMethodClientStream{
			ctx: ctx,
			sendWithContext: func(ctx context.Context, req *MethodStreamingPayload) error {
				info := &loggingMethodStreamingSendInfo{
					loggingMethodInfo: &loggingMethodInfo{rawPayload: req},
				}
				_, err := i.Logging(ctx, info, func(ctx context.Context, req any) (any, error) {
					castReq, _ := req.(*MethodStreamingPayload)
					return nil, stream.SendWithContext(ctx, castReq)
				})
				return err
			},
			stream: stream,
		}, nil
	}
}

// Unwrap returns the underlying stream type.
func (w *wrappedMethodServerStream) Unwrap() any {
	return w.stream
}

// Recv reads instances of "MethodServerStream" from the stream after executing
// the applied interceptor.
func (w *wrappedMethodServerStream) Recv() (*MethodStreamingPayload, error) {
	return w.RecvWithContext(w.ctx)
}

// RecvWithContext reads instances of "MethodServerStream" from the stream
// after executing the applied interceptor with context.
func (w *wrappedMethodServerStream) RecvWithContext(ctx context.Context) (*MethodStreamingPayload, error) {
	if w.recvWithContext == nil {
		return w.stream.RecvWithContext(ctx)
	}
	return w.recvWithContext(ctx)
}

// Close closes the stream.
func (w *wrappedMethodServerStream) Close() error {
	return w.stream.Close()
}

// Unwrap returns the underlying stream type.
func (w *wrappedMethodClientStream) Unwrap() any {
	return w.stream
}

// Send streams instances of "MethodClientStream" after executing the applied
// interceptor.
func (w *wrappedMethodClientStream) Send(v *MethodStreamingPayload) error {
	return w.SendWithContext(w.ctx, v)
}

// SendWithContext streams instances of "MethodClientStream" after executing
// the applied interceptor with context.
func (w *wrappedMethodClientStream) SendWithContext(ctx context.Context, v *MethodStreamingPayload) error {
	if w.sendWithContext == nil {
		return w.stream.SendWithContext(ctx, v)
	}
	return w.sendWithContext(ctx, v)
}

// Close closes the stream.
func (w *wrappedMethodClientStream) Close() error {
	return w.stream.Close()
}
