{
  "consumes": [
    "application/json",
    "application/xml",
    "application/gob"
  ],
  "host": "localhost:80",
  "info": {
    "title": "",
    "version": "0.0.1"
  },
  "paths": {
    "/{int_map}": {
      "post": {
        "operationId": "test service#test endpoint",
        "parameters": [
          {
            "format": "int64",
            "in": "path",
            "name": "int_map",
            "required": true,
            "type": "integer"
          }
        ],
        "responses": {
          "204": {
            "description": "No Content response."
          }
        },
        "schemes": [
          "http"
        ],
        "summary": "test endpoint test service",
        "tags": [
          "test service"
        ]
      }
    }
  },
  "produces": [
    "application/json",
    "application/xml",
    "application/gob"
  ],
  "swagger": "2.0"
}
