{
  "consumes": [
    "application/json",
    "application/xml",
    "application/gob"
  ],
  "host": "v1.goa.design",
  "info": {
    "title": "",
    "version": "0.0.1"
  },
  "paths": {
    "/": {
      "post": {
        "operationId": "testService#testEndpoint",
        "responses": {
          "204": {
            "description": "No Content response."
          }
        },
        "schemes": [
          "https"
        ],
        "summary": "testEndpoint testService",
        "tags": [
          "testService"
        ]
      }
    }
  },
  "produces": [
    "application/json",
    "application/xml",
    "application/gob"
  ],
  "swagger": "2.0"
}
