// MethodClientStreamingRPCWithPayload calls the
// "MethodClientStreamingRPCWithPayload" function in
// service_client_streaming_rpc_with_payloadpb.ServiceClientStreamingRPCWithPayloadClient
// interface.
func (c *Client) MethodClientStreamingRPCWithPayload() goa.Endpoint {
	return func(ctx context.Context, v any) (any, error) {
		inv := goagrpc.NewInvoker(
			BuildMethodClientStreamingRPCWithPayloadFunc(c.grpccli, c.opts...),
			EncodeMethodClientStreamingRPCWithPayloadRequest,
			DecodeMethodClientStreamingRPCWithPayloadResponse)
		res, err := inv.Invoke(ctx, v)
		if err != nil {
			// Try to decode a Goa error response detail before falling back to Fault.
			resp := goagrpc.DecodeError(err)
			if eresp, ok := resp.(*goapb.ErrorResponse); ok {
				return nil, goagrpc.NewServiceError(eresp)
			}
			return nil, goa.Fault("%s", err.Error())
		}
		return res, nil
	}
}
