// MethodClientStreamingRPC calls the "MethodClientStreamingRPC" function in
// service_client_streaming_rpcpb.ServiceClientStreamingRPCClient interface.
func (c *Client) MethodClientStreamingRPC() goa.Endpoint {
	return func(ctx context.Context, v any) (any, error) {
		inv := goagrpc.NewInvoker(
			BuildMethodClientStreamingRPCFunc(c.grpccli, c.opts...),
			nil,
			DecodeMethodClientStreamingRPCResponse)
		res, err := inv.Invoke(ctx, v)
		if err != nil {
			// Try to decode a Goa error response detail before falling back to Fault.
			resp := goagrpc.DecodeError(err)
			if eresp, ok := resp.(*goapb.ErrorResponse); ok {
				return nil, goagrpc.NewServiceError(eresp)
			}
			return nil, goa.Fault("%s", err.Error())
		}
		return res, nil
	}
}
