func transform() {
	target := &proto.EmbeddedOneOf{
		String_: source.String,
	}
	if source.EmbeddedOneOf != nil && source.EmbeddedOneOf.Kind() != "" {
		switch string(source.EmbeddedOneOf.Kind()) {
		case "string":
			actual, _ := source.EmbeddedOneOf.AsString()
			target.EmbeddedOneOf = &proto.EmbeddedOneOf_String_{String_: string(actual)}
		case "integer":
			actual, _ := source.EmbeddedOneOf.AsInteger()
			target.EmbeddedOneOf = &proto.EmbeddedOneOf_Integer{Integer: int32(actual)}
		case "boolean":
			actual, _ := source.EmbeddedOneOf.AsBoolean()
			target.EmbeddedOneOf = &proto.EmbeddedOneOf_Boolean{Boolean: bool(actual)}
		case "number":
			actual, _ := source.EmbeddedOneOf.AsNumber()
			target.EmbeddedOneOf = &proto.EmbeddedOneOf_Number{Number: int32(actual)}
		case "array":
			actual, _ := source.EmbeddedOneOf.AsArray()
			target.EmbeddedOneOf = &proto.EmbeddedOneOf_Array{Array: svcProtoEmbeddedOneOfArrayToProtoEmbeddedOneOfArray(actual)}
		case "map":
			actual, _ := source.EmbeddedOneOf.AsMap()
			target.EmbeddedOneOf = &proto.EmbeddedOneOf_Map_{Map_: svcProtoEmbeddedOneOfMapToProtoEmbeddedOneOfMap(actual)}
		case "user_type":
			actual, _ := source.EmbeddedOneOf.AsUserType()
			target.EmbeddedOneOf = &proto.EmbeddedOneOf_UserType{UserType: svcProtoSimpleOneOfToProtoSimpleOneOf(actual)}
		}
	}
}
