func transform() {
	target := &proto.CompositeWithCustomField{
		RequiredString: source.RequiredString,
	}
	if source.DefaultInt != nil {
		defaultInt := int32(*source.DefaultInt)
		target.DefaultInt = &defaultInt
	}
	if source.Type != nil {
		target.Type = svcProtoSimpleToProtoSimple(source.Type)
	}
	if source.Map != nil {
		target.Map_ = make(map[int32]string, len(source.Map))
		for key, val := range source.Map {
			tk := int32(key)
			tv := val
			target.Map_[tk] = tv
		}
	}
	if source.Array != nil {
		target.Array = make([]string, len(source.Array))
		for i, val := range source.Array {
			target.Array[i] = val
		}
	}
}
