func transform() {
	target := &proto.CustomTypes{
		RequiredString: tdtypes.CustomString(source.RequiredString),
		DefaultBool:    tdtypes.CustomBool(source.DefaultBool),
	}
	if source.Integer != nil {
		integer := tdtypes.CustomInt(*source.Integer)
		target.Integer = &integer
	}
	{
		var zero tdtypes.CustomBool
		if target.DefaultBool == zero {
			target.DefaultBool = true
		}
	}
}
