// DecodeMethodBidirectionalStreamingRPCWithPayloadLegacyCompatRequest decodes
// requests sent to "ServiceBidirectionalStreamingRPCWithPayloadLegacyCompat"
// service "MethodBidirectionalStreamingRPCWithPayloadLegacyCompat" endpoint.
func DecodeMethodBidirectionalStreamingRPCWithPayloadLegacyCompatRequest(ctx context.Context, v any, md metadata.MD) (any, error) {
	if !goagrpc.UsesStreamEnvelope(ctx) {
		return decodeMethodBidirectionalStreamingRPCWithPayloadLegacyCompatLegacyRequest(ctx, md)
	}
	var (
		message *service_bidirectional_streaming_rpc_with_payload_legacy_compatpb.MethodBidirectionalStreamingRPCWithPayloadLegacyCompatRequest
		ok      bool
	)
	{
		if v == nil {
			return nil, goa.MissingFieldError("initial_payload", "stream")
		}
		var envelope *service_bidirectional_streaming_rpc_with_payload_legacy_compatpb.MethodBidirectionalStreamingRPCWithPayloadLegacyCompatStreamingRequest
		if envelope, ok = v.(*service_bidirectional_streaming_rpc_with_payload_legacy_compatpb.MethodBidirectionalStreamingRPCWithPayloadLegacyCompatStreamingRequest); !ok {
			return nil, goagrpc.ErrInvalidType("ServiceBidirectionalStreamingRPCWithPayloadLegacyCompat", "MethodBidirectionalStreamingRPCWithPayloadLegacyCompat", "*service_bidirectional_streaming_rpc_with_payload_legacy_compatpb.MethodBidirectionalStreamingRPCWithPayloadLegacyCompatStreamingRequest", v)
		}
		switch body := envelope.Body.(type) {
		case *service_bidirectional_streaming_rpc_with_payload_legacy_compatpb.MethodBidirectionalStreamingRPCWithPayloadLegacyCompatStreamingRequest_InitialPayload:
			if body.InitialPayload == nil {
				return nil, goa.MissingFieldError("initial_payload", "stream")
			}
			message = body.InitialPayload
		case *service_bidirectional_streaming_rpc_with_payload_legacy_compatpb.MethodBidirectionalStreamingRPCWithPayloadLegacyCompatStreamingRequest_StreamItem:
			return nil, goa.InvalidFieldTypeError("body", "stream_item", "initial_payload")
		default:
			return nil, goa.MissingFieldError("initial_payload", "stream")
		}
	}
	var payload *servicebidirectionalstreamingrpcwithpayloadlegacycompat.Payload
	{
		payload = NewMethodBidirectionalStreamingRPCWithPayloadLegacyCompatPayload(message)
	}
	return payload, nil
}

// decodeMethodBidirectionalStreamingRPCWithPayloadLegacyCompatLegacyRequest
// decodes requests sent to
// "ServiceBidirectionalStreamingRPCWithPayloadLegacyCompat" service
// "MethodBidirectionalStreamingRPCWithPayloadLegacyCompat" endpoint by clients
// that speak the legacy stream protocol which carries the method payload in
// gRPC request metadata.
func decodeMethodBidirectionalStreamingRPCWithPayloadLegacyCompatLegacyRequest(ctx context.Context, md metadata.MD) (any, error) {
	var (
		a   *int
		b   *string
		err error
	)
	{
		if vals := md.Get("a"); len(vals) > 0 {
			aRaw := vals[0]

			v, err2 := strconv.ParseInt(aRaw, 10, strconv.IntSize)
			if err2 != nil {
				err = goa.MergeErrors(err, goa.InvalidFieldTypeError("a", aRaw, "integer"))
			}
			pv := int(v)
			a = &pv
		}
		if vals := md.Get("b"); len(vals) > 0 {
			b = &vals[0]
		}
	}
	if err != nil {
		return nil, err
	}
	var payload *servicebidirectionalstreamingrpcwithpayloadlegacycompat.Payload
	{
		payload = NewMethodBidirectionalStreamingRPCWithPayloadLegacyCompatPayloadFromMetadata(a, b)
	}
	return payload, nil
}
