// NewDupePayload builds servicepayloadwithnestedtypes.DupePayload from
// *service_payload_with_nested_typespb.DupePayload.
func NewDupePayload(message *service_payload_with_nested_typespb.DupePayload) servicepayloadwithnestedtypes.DupePayload {
	v := servicepayloadwithnestedtypes.DupePayload(message.Field)
	return v
}

// NewProtoMethodPayloadDuplicateAResponse builds
// *service_payload_with_nested_typespb.MethodPayloadDuplicateAResponse from
// metadata values.
func NewProtoMethodPayloadDuplicateAResponse() *service_payload_with_nested_typespb.MethodPayloadDuplicateAResponse {
	message := &service_payload_with_nested_typespb.MethodPayloadDuplicateAResponse{}
	return message
}

// NewProtoMethodPayloadDuplicateBResponse builds
// *service_payload_with_nested_typespb.MethodPayloadDuplicateBResponse from
// metadata values.
func NewProtoMethodPayloadDuplicateBResponse() *service_payload_with_nested_typespb.MethodPayloadDuplicateBResponse {
	message := &service_payload_with_nested_typespb.MethodPayloadDuplicateBResponse{}
	return message
}
