// NewMethodPayload builds *defaultfields.MethodPayload from
// *default_fieldspb.MethodRequest.
func NewMethodPayload(message *default_fieldspb.MethodRequest) *defaultfields.MethodPayload {
	v := &defaultfields.MethodPayload{
		Req:  *message.Req,
		Opt:  message.Opt,
		Reqs: *message.Reqs,
		Opts: message.Opts,
		Rat:  *message.Rat,
		Flt:  message.Flt,
	}
	if message.Def0 != nil {
		v.Def0 = *message.Def0
	}
	if message.Def1 != nil {
		v.Def1 = *message.Def1
	}
	if message.Def2 != nil {
		v.Def2 = *message.Def2
	}
	if message.Defs != nil {
		v.Defs = *message.Defs
	}
	if message.Defe != nil {
		v.Defe = *message.Defe
	}
	if message.Flt0 != nil {
		v.Flt0 = *message.Flt0
	}
	if message.Flt1 != nil {
		v.Flt1 = *message.Flt1
	}
	if message.Def0 == nil {
		v.Def0 = 0
	}
	if message.Def1 == nil {
		v.Def1 = 1
	}
	if message.Def2 == nil {
		v.Def2 = 2
	}
	if message.Defs == nil {
		v.Defs = "!"
	}
	if message.Defe == nil {
		v.Defe = ""
	}
	if message.Flt0 == nil {
		v.Flt0 = 0
	}
	if message.Flt1 == nil {
		v.Flt1 = 1
	}
	return v
}

// NewProtoMethodResponse builds *default_fieldspb.MethodResponse from metadata
// values.
func NewProtoMethodResponse() *default_fieldspb.MethodResponse {
	message := &default_fieldspb.MethodResponse{}
	return message
}

// ValidateMethodRequest runs the validations defined on MethodRequest.
func ValidateMethodRequest(message *default_fieldspb.MethodRequest) (err error) {
	if message.Req == nil {
		err = goa.MergeErrors(err, goa.MissingFieldError("req", "message"))
	}
	if message.Reqs == nil {
		err = goa.MergeErrors(err, goa.MissingFieldError("reqs", "message"))
	}
	if message.Rat == nil {
		err = goa.MergeErrors(err, goa.MissingFieldError("rat", "message"))
	}
	return
}
