// NewMethodElemValidationPayload builds serviceelemvalidation.UUID from
// *service_elem_validationpb.UUID.
func NewMethodElemValidationPayload(message *service_elem_validationpb.UUID) serviceelemvalidation.UUID {
	v := serviceelemvalidation.UUID(*message.Field)
	return v
}

// NewProtoMethodElemValidationResponse builds
// *service_elem_validationpb.MethodElemValidationResponse from metadata values.
func NewProtoMethodElemValidationResponse() *service_elem_validationpb.MethodElemValidationResponse {
	message := &service_elem_validationpb.MethodElemValidationResponse{}
	return message
}

// ValidateUUID runs the validations defined on UUID.
func ValidateUUID(message *service_elem_validationpb.UUID) (err error) {
	if message.Field == nil {
		err = goa.MergeErrors(err, goa.MissingFieldError("field", "message"))
	}
	if message.Field != nil {
		err = goa.MergeErrors(err, goa.ValidateFormat("message.field", *message.Field, goa.FormatUUID))
	}
	return
}
