swagger: "2.0"
info:
  title: ""
  version: ""
host: localhost:80
consumes:
- application/json
- application/xml
- application/gob
produces:
- application/json
- application/xml
- application/gob
paths:
  /:
    get:
      tags:
      - testService
      summary: testEndpointDefault testService
      operationId: testService#testEndpointDefault
      responses:
        "204":
          description: No Content response.
          schema:
            $ref: '#/definitions/TestServiceTestEndpointDefaultResponseBody'
      schemes:
      - http
  /tiny:
    get:
      tags:
      - testService
      summary: testEndpointTiny testService
      operationId: testService#testEndpointTiny
      responses:
        "204":
          description: No Content response.
          schema:
            $ref: '#/definitions/TestServiceTestEndpointTinyResponseBody'
      schemes:
      - http
definitions:
  TestServiceTestEndpointDefaultResponseBody:
    title: TestServiceTestEndpointDefaultResponseBody
    type: object
    properties:
      int:
        type: integer
        example: 1
        format: int64
      string:
        type: string
        example: ""
    example:
      int: 1
      string: ""
  TestServiceTestEndpointTinyResponseBody:
    title: TestServiceTestEndpointTinyResponseBody
    type: object
    properties:
      string:
        type: string
        example: ""
    example:
      string: ""
