{"swagger":"2.0","info":{"title":"","version":""},"host":"localhost:80","consumes":["application/json","application/xml","application/gob"],"produces":["application/json","application/xml","application/gob"],"paths":{"/{int_map}":{"post":{"tags":["test service"],"summary":"test endpoint test service","operationId":"test service#test endpoint","parameters":[{"name":"int_map","in":"path","required":true,"type":"integer"}],"responses":{"200":{"description":"OK response."}},"schemes":["http"]}}}}