swagger: "2.0"
info:
  title: ""
  version: ""
host: localhost:80
consumes:
- application/json
- application/xml
- application/gob
produces:
- application/json
- application/xml
- application/gob
paths:
  /:
    get:
      tags:
      - testService
      summary: testEndpoint testService
      description: |2

        Required security scopes:
      operationId: testService#testEndpoint
      parameters:
      - name: k
        in: query
        required: true
        type: string
      - name: Token
        in: header
        required: true
        type: string
      - name: X-Authorization
        in: header
        required: true
        type: string
      - name: Authorization
        in: header
        description: Basic Auth security using Basic scheme (https://tools.ietf.org/html/rfc7617)
        required: true
        type: string
      responses:
        "200":
          description: OK response.
      schemes:
      - http
      security:
      - api_key: []
        basic: []
        jwt: []
        oauth2: []
securityDefinitions:
  api_key:
    type: apiKey
    description: Secures endpoint by requiring an API key.
    name: Authorization
    in: header
  basic:
    type: basic
    description: Basic authentication used to authenticate security principal during
      signin
  jwt:
    type: apiKey
    description: |-
      Secures endpoint by requiring a valid JWT token retrieved via the signin endpoint. Supports scopes "api:read" and "api:write".
      **Security Scopes**:
        * `api:read`: Read-only access
        * `api:write`: Read and write access
    name: Authorization
    in: header
  oauth2:
    type: oauth2
    description: Secures endpoint by requiring a valid OAuth2 token retrieved via
      the signin endpoint. Supports scopes "api:read" and "api:write".
    flow: accessCode
    authorizationUrl: http://goa.design/authorization
    tokenUrl: http://goa.design/token
    scopes:
      api:read: Read-only access
      api:write: Read and write access
