//
// ChainedInterceptorService example server interceptors
//
// Command:
// goa

package interceptors

import (
	"context"
	"goa.design/clue/log"
	chainedinterceptorservice "goa.design/goa/example/chained_interceptor_service"
	goa "goa.design/goa/v3/pkg"
)

// ChainedInterceptorServiceServerInterceptors implements the server interceptor for the ChainedInterceptorService service.
type ChainedInterceptorServiceServerInterceptors struct {
}

// NewChainedInterceptorServiceServerInterceptors creates a new server interceptor for the ChainedInterceptorService service.
func NewChainedInterceptorServiceServerInterceptors() *ChainedInterceptorServiceServerInterceptors {
	return &ChainedInterceptorServiceServerInterceptors{}
}
func (i *ChainedInterceptorServiceServerInterceptors) API(ctx context.Context, info chainedinterceptorservice.APIInfo, next goa.Endpoint) (any, error) {
	log.Printf(ctx, "[API] Processing request: %v", info.RawPayload())
	resp, err := next(ctx, info.RawPayload())
	if err != nil {
		log.Printf(ctx, "[API] Error: %v", err)
		return nil, err
	}
	log.Printf(ctx, "[API] Response: %v", resp)
	return resp, nil
}
func (i *ChainedInterceptorServiceServerInterceptors) Method(ctx context.Context, info chainedinterceptorservice.MethodInfo, next goa.Endpoint) (any, error) {
	log.Printf(ctx, "[Method] Processing request: %v", info.RawPayload())
	resp, err := next(ctx, info.RawPayload())
	if err != nil {
		log.Printf(ctx, "[Method] Error: %v", err)
		return nil, err
	}
	log.Printf(ctx, "[Method] Response: %v", resp)
	return resp, nil
}
func (i *ChainedInterceptorServiceServerInterceptors) Service(ctx context.Context, info chainedinterceptorservice.ServiceInfo, next goa.Endpoint) (any, error) {
	log.Printf(ctx, "[Service] Processing request: %v", info.RawPayload())
	resp, err := next(ctx, info.RawPayload())
	if err != nil {
		log.Printf(ctx, "[Service] Error: %v", err)
		return nil, err
	}
	log.Printf(ctx, "[Service] Response: %v", resp)
	return resp, nil
}
