{
  "components": {
    "schemas": {
      "Bar": {
        "example": {
          "string": ""
        },
        "properties": {
          "string": {
            "example": "",
            "maxLength": 42,
            "minLength": 0,
            "type": "string"
          }
        },
        "type": "object"
      },
      "Foobar": {
        "example": {
          "bar": [
            {
              "string": ""
            },
            {
              "string": ""
            }
          ],
          "foo": [
            "Repudiandae sit.",
            "Asperiores fuga qui rem qui earum eos."
          ]
        },
        "properties": {
          "bar": {
            "example": [
              {
                "string": ""
              },
              {
                "string": ""
              }
            ],
            "items": {
              "$ref": "#/components/schemas/Bar"
            },
            "maxItems": 42,
            "minItems": 0,
            "type": "array"
          },
          "foo": {
            "example": [],
            "items": {
              "example": "Beatae non id consequatur.",
              "type": "string"
            },
            "maxItems": 42,
            "minItems": 0,
            "type": "array"
          }
        },
        "type": "object"
      }
    }
  },
  "info": {
    "title": "Goa API",
    "version": "0.0.1"
  },
  "openapi": "3.0.3",
  "paths": {
    "/": {
      "post": {
        "operationId": "testService#testEndpoint",
        "requestBody": {
          "content": {
            "application/json": {
              "example": [
                {
                  "bar": [
                    {
                      "string": ""
                    }
                  ],
                  "foo": []
                },
                {
                  "bar": [
                    {
                      "string": ""
                    }
                  ],
                  "foo": []
                },
                {
                  "bar": [
                    {
                      "string": ""
                    }
                  ],
                  "foo": []
                },
                {
                  "bar": [
                    {
                      "string": ""
                    }
                  ],
                  "foo": []
                }
              ],
              "schema": {
                "example": [
                  {
                    "bar": [
                      {
                        "string": ""
                      }
                    ],
                    "foo": []
                  },
                  {
                    "bar": [
                      {
                        "string": ""
                      }
                    ],
                    "foo": []
                  },
                  {
                    "bar": [
                      {
                        "string": ""
                      }
                    ],
                    "foo": []
                  }
                ],
                "items": {
                  "$ref": "#/components/schemas/Foobar"
                },
                "type": "array"
              }
            }
          },
          "description": "Request body for testEndpoint.",
          "required": true
        },
        "responses": {
          "200": {
            "content": {
              "application/json": {
                "example": "",
                "schema": {
                  "example": "",
                  "maxLength": 42,
                  "minLength": 0,
                  "type": "string"
                }
              }
            },
            "description": "OK response."
          }
        },
        "summary": "testEndpoint testService",
        "tags": [
          "testService"
        ]
      }
    }
  },
  "servers": [
    {
      "url": "https://goa.design"
    }
  ],
  "tags": [
    {
      "name": "testService"
    }
  ]
}
