{
  "components": {},
  "info": {
    "title": "Goa API",
    "version": "0.0.1"
  },
  "openapi": "3.0.3",
  "paths": {
    "/download": {
      "get": {
        "operationId": "bytes#download",
        "responses": {
          "200": {
            "content": {
              "application/json": {
                "example": "aGVsbG8=",
                "schema": {
                  "example": "aGVsbG8=",
                  "format": "binary",
                  "type": "string"
                }
              }
            },
            "description": "OK response."
          }
        },
        "summary": "download bytes",
        "tags": [
          "bytes"
        ]
      }
    }
  },
  "servers": [
    {
      "url": "https://goa.design"
    }
  ],
  "tags": [
    {
      "name": "bytes"
    }
  ]
}
