openapi: 3.1.1
info:
    title: Goa API
    version: 0.0.1
jsonSchemaDialect: https://json-schema.org/draft/2020-12/schema
servers:
    - url: http://localhost:80
      description: Default server for test api
paths:
    /path1:
        get:
            tags:
                - service-name
            summary: Download filename
            operationId: service-name#/path1
            responses:
                "200":
                    description: File downloaded
    /path2:
        get:
            tags:
                - user-tag
            summary: Download filename
            operationId: service-name#/path2
            responses:
                "200":
                    description: File downloaded
components: {}
tags:
    - name: service-name
