{
  "components": {},
  "info": {
    "title": "Goa API",
    "version": "0.0.1"
  },
  "jsonSchemaDialect": "https://json-schema.org/draft/2020-12/schema",
  "openapi": "3.1.1",
  "paths": {
    "/": {
      "post": {
        "operationId": "test service#test endpoint",
        "parameters": [
          {
            "allowEmptyValue": true,
            "example": 1933576090881075000,
            "in": "header",
            "name": "foo",
            "schema": {
              "examples": [
                9176544974339886000
              ],
              "format": "int64",
              "type": "integer"
            }
          },
          {
            "allowEmptyValue": true,
            "example": 7595816812588075000,
            "in": "header",
            "name": "bar",
            "schema": {
              "examples": [
                2166276375441812200
              ],
              "format": "int64",
              "type": "integer"
            }
          }
        ],
        "responses": {
          "204": {
            "description": "No Content response."
          }
        },
        "summary": "test endpoint test service",
        "tags": [
          "test service"
        ]
      }
    }
  },
  "servers": [
    {
      "description": "Default server for test api",
      "url": "http://localhost:80"
    }
  ],
  "tags": [
    {
      "name": "test service"
    }
  ]
}
