{
  "components": {
    "schemas": {
      "JSON": {
        "examples": [
          {
            "int": 1,
            "string": ""
          }
        ],
        "properties": {
          "int": {
            "examples": [
              1
            ],
            "format": "int64",
            "type": "integer"
          },
          "string": {
            "examples": [
              ""
            ],
            "type": "string"
          }
        },
        "type": "object"
      },
      "TestEndpointTinyResponseBodyTiny": {
        "description": "TestEndpointTinyResponseBody result type (tiny view)",
        "examples": [
          {
            "string": ""
          }
        ],
        "properties": {
          "string": {
            "examples": [
              ""
            ],
            "type": "string"
          }
        },
        "type": "object"
      }
    }
  },
  "info": {
    "title": "Goa API",
    "version": "0.0.1"
  },
  "jsonSchemaDialect": "https://json-schema.org/draft/2020-12/schema",
  "openapi": "3.1.1",
  "paths": {
    "/": {
      "get": {
        "operationId": "testService#testEndpointDefault",
        "responses": {
          "200": {
            "content": {
              "application/custom+json": {
                "example": {
                  "int": 1,
                  "string": ""
                },
                "schema": {
                  "$ref": "#/components/schemas/JSON"
                }
              }
            },
            "description": "OK response."
          }
        },
        "summary": "testEndpointDefault testService",
        "tags": [
          "testService"
        ]
      }
    },
    "/tiny": {
      "get": {
        "operationId": "testService#testEndpointTiny",
        "responses": {
          "200": {
            "content": {
              "application/json": {
                "example": {
                  "string": ""
                },
                "schema": {
                  "$ref": "#/components/schemas/TestEndpointTinyResponseBodyTiny"
                }
              }
            },
            "description": "OK response."
          }
        },
        "summary": "testEndpointTiny testService",
        "tags": [
          "testService"
        ]
      }
    }
  },
  "servers": [
    {
      "description": "Default server for test api",
      "url": "http://localhost:80"
    }
  ],
  "tags": [
    {
      "name": "testService"
    }
  ]
}
