{
  "components": {
    "schemas": {
      "Payload": {
        "example": {
          "string": ""
        },
        "properties": {
          "string": {
            "example": "",
            "type": "string"
          }
        },
        "type": "object"
      },
      "Result": {
        "example": {
          "string": ""
        },
        "properties": {
          "string": {
            "example": "",
            "type": "string"
          }
        },
        "type": "object"
      }
    }
  },
  "info": {
    "title": "Goa API",
    "version": "0.0.1"
  },
  "openapi": "3.0.3",
  "paths": {
    "/": {
      "get": {
        "operationId": "testService#testEndpoint",
        "requestBody": {
          "content": {
            "application/json": {
              "example": {
                "string": ""
              },
              "schema": {
                "$ref": "#/components/schemas/Payload"
              }
            }
          },
          "required": true
        },
        "responses": {
          "200": {
            "content": {
              "application/json": {
                "example": {
                  "string": ""
                },
                "schema": {
                  "$ref": "#/components/schemas/Result"
                }
              }
            },
            "description": "OK response."
          }
        },
        "summary": "testEndpoint testService",
        "tags": [
          "testService"
        ]
      },
      "post": {
        "operationId": "anotherTestService#testEndpoint",
        "requestBody": {
          "content": {
            "application/json": {
              "example": {
                "string": ""
              },
              "schema": {
                "$ref": "#/components/schemas/Payload"
              }
            }
          },
          "required": true
        },
        "responses": {
          "200": {
            "content": {
              "application/json": {
                "example": {
                  "string": ""
                },
                "schema": {
                  "$ref": "#/components/schemas/Result"
                }
              }
            },
            "description": "OK response."
          }
        },
        "summary": "testEndpoint anotherTestService",
        "tags": [
          "anotherTestService"
        ]
      }
    }
  },
  "servers": [
    {
      "url": "https://goa.design"
    }
  ],
  "tags": [
    {
      "name": "testService"
    },
    {
      "name": "anotherTestService"
    }
  ]
}
