{
  "openapi": "3.0.3",
  "info": {
    "title": "Goa API",
    "version": "0.0.1"
  },
  "servers": [
    {
      "url": "https://goa.design"
    }
  ],
  "paths": {
    "/": {
      "get": {
        "tags": [
          "testService"
        ],
        "summary": "testEndpoint testService",
        "operationId": "testService#testEndpoint",
        "requestBody": {
          "required": true,
          "content": {
            "application/json": {
              "schema": {
                "$ref": "#/components/schemas/Payload"
              },
              "example": {
                "required_string": "",
                "string": ""
              }
            }
          }
        },
        "responses": {
          "200": {
            "description": "OK response.",
            "content": {
              "application/json": {
                "schema": {
                  "$ref": "#/components/schemas/Result"
                },
                "example": {
                  "int": 0,
                  "required_int": 0
                }
              }
            }
          }
        }
      }
    }
  },
  "components": {
    "schemas": {
      "Result": {
        "type": "object",
        "properties": {
          "int": {
            "type": "integer",
            "example": 0,
            "format": "int64"
          },
          "required_int": {
            "type": "integer",
            "example": 0,
            "format": "int64"
          }
        },
        "example": {
          "int": 0,
          "required_int": 0
        },
        "required": [
          "required_int"
        ]
      },
      "Payload": {
        "type": "object",
        "properties": {
          "required_string": {
            "type": "string",
            "example": ""
          },
          "string": {
            "type": "string",
            "example": ""
          }
        },
        "example": {
          "required_string": "",
          "string": ""
        },
        "required": [
          "required_string"
        ]
      }
    }
  },
  "tags": [
    {
      "name": "testService"
    }
  ]
}