openapi: 3.0.3
info:
    title: Goa API
    version: 0.0.1
servers:
    - url: http://localhost:80
      description: Default server for test api
paths:
    /{foo}/{bar}:
        post:
            tags:
                - test service
            summary: test endpoint test service
            operationId: test service#test endpoint
            parameters:
                - name: foo
                  in: path
                  required: true
                  schema:
                    type: integer
                    example: 2401899298232532419
                    format: int64
                  example: 2401899298232532419
                - name: bar
                  in: path
                  required: true
                  schema:
                    type: integer
                    example: 2467648858559780444
                    format: int64
                  example: 2467648858559780444
            responses:
                "204":
                    description: No Content response.
components: {}
tags:
    - name: test service
