{
  "components": {
    "securitySchemes": {
      "api_key_header_Authorization": {
        "description": "Secures endpoint by requiring an API key.",
        "in": "header",
        "name": "Authorization",
        "type": "apiKey"
      },
      "api_key_query_k": {
        "description": "Secures endpoint by requiring an API key.",
        "in": "query",
        "name": "k",
        "type": "apiKey"
      },
      "basic_header_Authorization": {
        "description": "Basic authentication used to authenticate security principal during signin",
        "scheme": "basic",
        "type": "http"
      },
      "jwt_header_X-Authorization": {
        "bearerFormat": "JWT",
        "description": "Secures endpoint by requiring a valid JWT token retrieved via the signin endpoint. Supports scopes \"api:read\" and \"api:write\".",
        "scheme": "bearer",
        "type": "http"
      },
      "oauth2_header_Token": {
        "description": "Secures endpoint by requiring a valid OAuth2 token retrieved via the signin endpoint. Supports scopes \"api:read\" and \"api:write\".",
        "flows": {
          "authorizationCode": {
            "authorizationUrl": "http://goa.design/authorization",
            "refreshUrl": "http://goa.design/refresh",
            "scopes": {
              "api:read": "Read-only access",
              "api:write": "Read and write access"
            },
            "tokenUrl": "http://goa.design/token"
          }
        },
        "type": "oauth2"
      },
      "oauth2_query_auth": {
        "description": "Secures endpoint by requiring a valid OAuth2 token retrieved via the signin endpoint. Supports scopes \"api:read\" and \"api:write\".",
        "flows": {
          "authorizationCode": {
            "authorizationUrl": "http://goa.design/authorization",
            "refreshUrl": "http://goa.design/refresh",
            "scopes": {
              "api:read": "Read-only access",
              "api:write": "Read and write access"
            },
            "tokenUrl": "http://goa.design/token"
          }
        },
        "type": "oauth2"
      }
    }
  },
  "info": {
    "title": "Goa API",
    "version": "0.0.1"
  },
  "openapi": "3.0.3",
  "paths": {
    "/": {
      "get": {
        "operationId": "testService#testEndpointA",
        "responses": {
          "204": {
            "description": "No Content response."
          }
        },
        "security": [
          {
            "api_key_query_k": [],
            "basic_header_Authorization": [],
            "jwt_header_X-Authorization": [],
            "oauth2_header_Token": [
              "api:read"
            ]
          }
        ],
        "summary": "testEndpointA testService",
        "tags": [
          "testService"
        ]
      },
      "post": {
        "operationId": "testService#testEndpointB",
        "responses": {
          "204": {
            "description": "No Content response."
          }
        },
        "security": [
          {
            "api_key_header_Authorization": []
          },
          {
            "oauth2_query_auth": [
              "api:read",
              "api:write"
            ]
          }
        ],
        "summary": "testEndpointB testService",
        "tags": [
          "testService"
        ]
      }
    }
  },
  "servers": [
    {
      "description": "Default server for test api",
      "url": "http://localhost:80"
    }
  ],
  "tags": [
    {
      "name": "testService"
    }
  ]
}
