{
  "components": {},
  "info": {
    "title": "Goa API",
    "version": "0.0.1"
  },
  "openapi": "3.0.3",
  "paths": {
    "/": {
      "post": {
        "operationId": "testService#testEndpoint",
        "responses": {
          "204": {
            "description": "No Content response."
          }
        },
        "summary": "testEndpoint testService",
        "tags": [
          "testService"
        ]
      }
    }
  },
  "servers": [
    {
      "url": "https://{version}.goa.design",
      "variables": {
        "version": {
          "default": "v1"
        }
      }
    }
  ],
  "tags": [
    {
      "name": "testService"
    }
  ]
}
