{
  "components": {
    "schemas": {
      "Notification": {
        "description": "Request body for testEndpoint.",
        "example": {
          "id": "Aliquam quia quisquam ab alias atque."
        },
        "properties": {
          "id": {
            "example": "Aliquam quia quisquam ab alias atque.",
            "type": "string"
          }
        },
        "type": "object",
        "x-test-include": true
      }
    }
  },
  "info": {
    "title": "Goa API",
    "version": "0.0.1"
  },
  "openapi": "3.0.3",
  "paths": {
    "/": {
      "post": {
        "operationId": "testService#testEndpoint",
        "requestBody": {
          "content": {
            "application/json": {
              "example": {
                "id": "Aliquam quia quisquam ab alias atque."
              },
              "schema": {
                "$ref": "#/components/schemas/Notification"
              }
            }
          },
          "description": "Request body for testEndpoint.",
          "required": true
        },
        "responses": {
          "200": {
            "content": {
              "application/json": {
                "example": {
                  "id": "Dolor et voluptas."
                },
                "schema": {
                  "$ref": "#/components/schemas/Notification"
                }
              }
            },
            "description": "OK response."
          }
        },
        "summary": "testEndpoint testService",
        "tags": [
          "testService"
        ]
      }
    }
  },
  "servers": [
    {
      "description": "Default server for test api",
      "url": "http://localhost:80"
    }
  ],
  "tags": [
    {
      "name": "testService"
    }
  ]
}
