{
  "components": {
    "schemas": {
      "BarPayload": {
        "examples": [
          {
            "value": ""
          }
        ],
        "properties": {
          "value": {
            "examples": [
              ""
            ],
            "type": "string"
          }
        },
        "type": "object"
      },
      "BazPayload": {
        "examples": [
          {
            "value": ""
          }
        ],
        "properties": {
          "value": {
            "examples": [
              ""
            ],
            "type": "string"
          }
        },
        "type": "object"
      },
      "BazResult": {
        "examples": [
          {
            "value": ""
          }
        ],
        "properties": {
          "value": {
            "examples": [
              ""
            ],
            "type": "string"
          }
        },
        "type": "object"
      },
      "Foo": {
        "examples": [
          {
            "value": ""
          }
        ],
        "properties": {
          "value": {
            "examples": [
              ""
            ],
            "type": "string"
          }
        },
        "type": "object"
      },
      "FooResult": {
        "examples": [
          {
            "value": ""
          }
        ],
        "properties": {
          "value": {
            "examples": [
              ""
            ],
            "type": "string"
          }
        },
        "type": "object"
      },
      "GoaExampleBar": {
        "examples": [
          {
            "value": ""
          }
        ],
        "properties": {
          "value": {
            "examples": [
              ""
            ],
            "type": "string"
          }
        },
        "type": "object"
      }
    }
  },
  "info": {
    "title": "Goa API",
    "version": "0.0.1"
  },
  "jsonSchemaDialect": "https://json-schema.org/draft/2020-12/schema",
  "openapi": "3.1.1",
  "paths": {
    "/bar": {
      "post": {
        "operationId": "testService#bar",
        "requestBody": {
          "content": {
            "application/json": {
              "example": {
                "value": ""
              },
              "schema": {
                "$ref": "#/components/schemas/BarPayload"
              }
            }
          },
          "required": true
        },
        "responses": {
          "200": {
            "content": {
              "application/json": {
                "example": {
                  "value": ""
                },
                "schema": {
                  "$ref": "#/components/schemas/GoaExampleBar"
                }
              }
            },
            "description": "OK response."
          }
        },
        "summary": "bar testService",
        "tags": [
          "testService"
        ]
      }
    },
    "/baz": {
      "post": {
        "operationId": "testService#baz",
        "requestBody": {
          "content": {
            "application/json": {
              "example": {
                "value": ""
              },
              "schema": {
                "$ref": "#/components/schemas/BazPayload"
              }
            }
          },
          "required": true
        },
        "responses": {
          "200": {
            "content": {
              "application/json": {
                "example": {
                  "value": ""
                },
                "schema": {
                  "$ref": "#/components/schemas/BazResult"
                }
              }
            },
            "description": "OK response."
          }
        },
        "summary": "baz testService",
        "tags": [
          "testService"
        ]
      }
    },
    "/foo": {
      "post": {
        "operationId": "testService#foo",
        "requestBody": {
          "content": {
            "application/json": {
              "example": {
                "value": ""
              },
              "schema": {
                "$ref": "#/components/schemas/Foo"
              }
            }
          },
          "required": true
        },
        "responses": {
          "200": {
            "content": {
              "application/json": {
                "example": {
                  "value": ""
                },
                "schema": {
                  "$ref": "#/components/schemas/FooResult"
                }
              }
            },
            "description": "OK response."
          }
        },
        "summary": "foo testService",
        "tags": [
          "testService"
        ]
      }
    }
  },
  "servers": [
    {
      "url": "https://goa.design"
    }
  ],
  "tags": [
    {
      "name": "testService"
    }
  ]
}
