{
  "components": {
    "schemas": {
      "UserType": {
        "example": {
          "a": "Voluptas molestiae aliquam at."
        },
        "properties": {
          "a": {
            "example": "Voluptas molestiae aliquam at.",
            "type": "string"
          }
        },
        "type": "object"
      }
    }
  },
  "info": {
    "title": "Goa API",
    "version": "0.0.1"
  },
  "openapi": "3.0.3",
  "paths": {
    "/{x}": {
      "get": {
        "operationId": "StreamingResultService#StreamingResultMethod",
        "parameters": [
          {
            "example": "Aut deleniti enim veritatis asperiores sit.",
            "in": "path",
            "name": "x",
            "required": true,
            "schema": {
              "example": "Aut deleniti enim veritatis asperiores sit.",
              "type": "string"
            }
          }
        ],
        "responses": {
          "101": {
            "content": {
              "application/json": {
                "example": {
                  "a": "Voluptas molestiae aliquam at."
                },
                "schema": {
                  "$ref": "#/components/schemas/UserType"
                }
              }
            },
            "description": "Switching Protocols response."
          }
        },
        "summary": "StreamingResultMethod StreamingResultService",
        "tags": [
          "StreamingResultService"
        ]
      }
    }
  },
  "servers": [
    {
      "description": "Default server for test api",
      "url": "http://localhost:80"
    }
  ],
  "tags": [
    {
      "name": "StreamingResultService"
    }
  ]
}
