{
  "components": {
    "schemas": {
      "Bar": {
        "examples": [
          {
            "string": ""
          }
        ],
        "properties": {
          "string": {
            "examples": [
              ""
            ],
            "type": "string"
          }
        },
        "type": "object"
      },
      "GoaFoobar": {
        "examples": [
          {
            "bar": [
              {
                "string": ""
              },
              {
                "string": ""
              }
            ],
            "foo": ""
          }
        ],
        "properties": {
          "bar": {
            "examples": [
              [
                {
                  "string": ""
                },
                {
                  "string": ""
                },
                {
                  "string": ""
                },
                {
                  "string": ""
                }
              ]
            ],
            "items": {
              "$ref": "#/components/schemas/Bar"
            },
            "type": "array"
          },
          "foo": {
            "examples": [
              ""
            ],
            "type": "string"
          }
        },
        "type": "object"
      },
      "TestEndpointRequestBody": {
        "examples": [
          {
            "int_map": {
              "": 1
            },
            "type_map": {
              "": {
                "string": ""
              }
            },
            "uint_map": {
              "": 1
            }
          }
        ],
        "properties": {
          "int_map": {
            "additionalProperties": {
              "examples": [
                1
              ],
              "format": "int64",
              "type": "integer"
            },
            "examples": [
              {
                "": 1
              }
            ],
            "type": "object"
          },
          "type_map": {
            "additionalProperties": {
              "$ref": "#/components/schemas/Bar"
            },
            "examples": [
              {
                "": {
                  "string": ""
                }
              }
            ],
            "type": "object"
          },
          "uint_map": {
            "additionalProperties": {
              "examples": [
                1
              ],
              "format": "int64",
              "type": "integer"
            },
            "examples": [
              {
                "": 1
              }
            ],
            "type": "object"
          }
        },
        "type": "object"
      },
      "TestEndpointResponseBody": {
        "examples": [
          {
            "resulttype_map": {
              "": {
                "bar": [
                  {
                    "string": ""
                  },
                  {
                    "string": ""
                  },
                  {
                    "string": ""
                  },
                  {
                    "string": ""
                  }
                ],
                "foo": ""
              }
            },
            "uint32_map": {
              "": 1
            },
            "uint64_map": {
              "": 1
            }
          }
        ],
        "properties": {
          "resulttype_map": {
            "additionalProperties": {
              "$ref": "#/components/schemas/GoaFoobar"
            },
            "examples": [
              {
                "": {
                  "bar": [
                    {
                      "string": ""
                    },
                    {
                      "string": ""
                    },
                    {
                      "string": ""
                    },
                    {
                      "string": ""
                    }
                  ],
                  "foo": ""
                }
              }
            ],
            "type": "object"
          },
          "uint32_map": {
            "additionalProperties": {
              "examples": [
                1
              ],
              "format": "int32",
              "type": "integer"
            },
            "examples": [
              {
                "": 1
              }
            ],
            "type": "object"
          },
          "uint64_map": {
            "additionalProperties": {
              "examples": [
                1
              ],
              "format": "int64",
              "type": "integer"
            },
            "examples": [
              {
                "": 1
              }
            ],
            "type": "object"
          }
        },
        "type": "object"
      }
    }
  },
  "info": {
    "title": "Goa API",
    "version": "0.0.1"
  },
  "jsonSchemaDialect": "https://json-schema.org/draft/2020-12/schema",
  "openapi": "3.1.1",
  "paths": {
    "/": {
      "post": {
        "operationId": "test service#test endpoint",
        "requestBody": {
          "content": {
            "application/json": {
              "example": {
                "int_map": {
                  "": 1
                },
                "type_map": {
                  "": {
                    "string": ""
                  }
                },
                "uint_map": {
                  "": 1
                }
              },
              "schema": {
                "$ref": "#/components/schemas/TestEndpointRequestBody"
              }
            }
          },
          "required": true
        },
        "responses": {
          "200": {
            "content": {
              "application/json": {
                "example": {
                  "resulttype_map": {
                    "": {
                      "bar": [
                        {
                          "string": ""
                        },
                        {
                          "string": ""
                        },
                        {
                          "string": ""
                        },
                        {
                          "string": ""
                        }
                      ],
                      "foo": ""
                    }
                  },
                  "uint32_map": {
                    "": 1
                  },
                  "uint64_map": {
                    "": 1
                  }
                },
                "schema": {
                  "$ref": "#/components/schemas/TestEndpointResponseBody"
                }
              }
            },
            "description": "OK response."
          }
        },
        "summary": "test endpoint test service",
        "tags": [
          "test service"
        ]
      }
    }
  },
  "servers": [
    {
      "description": "Default server for test api",
      "url": "http://localhost:80"
    }
  ],
  "tags": [
    {
      "name": "test service"
    }
  ]
}
